Archive member included to satisfy reference by file (symbol)

c:/altera/15.0/nios2eds/bin/gnu/h-x86_64-mingw32/bin/../lib/gcc/nios2-elf/4.9.1\libgcc.a(divdf3.o)
                              obj/default/touch_screen.o (__divdf3)
c:/altera/15.0/nios2eds/bin/gnu/h-x86_64-mingw32/bin/../lib/gcc/nios2-elf/4.9.1\libgcc.a(fixdfsi.o)
                              obj/default/touch_screen.o (__fixdfsi)
c:/altera/15.0/nios2eds/bin/gnu/h-x86_64-mingw32/bin/../lib/gcc/nios2-elf/4.9.1\libgcc.a(floatsidf.o)
                              obj/default/touch_screen.o (__floatsidf)
c:/altera/15.0/nios2eds/bin/gnu/h-x86_64-mingw32/bin/../lib/gcc/nios2-elf/4.9.1\libgcc.a(_clzsi2.o)
                              c:/altera/15.0/nios2eds/bin/gnu/h-x86_64-mingw32/bin/../lib/gcc/nios2-elf/4.9.1\libgcc.a(divdf3.o) (__clzsi2)
c:/altera/15.0/nios2eds/bin/gnu/h-x86_64-mingw32/bin/../lib/gcc/nios2-elf/4.9.1\libgcc.a(lib2-divmod.o)
                              c:/altera/15.0/nios2eds/bin/gnu/h-x86_64-mingw32/bin/../lib/gcc/nios2-elf/4.9.1\libgcc.a(divdf3.o) (__udivsi3)
c:/altera/15.0/nios2eds/bin/gnu/h-x86_64-mingw32/bin/../lib/gcc/nios2-elf/4.9.1\libgcc.a(_clz.o)
                              c:/altera/15.0/nios2eds/bin/gnu/h-x86_64-mingw32/bin/../lib/gcc/nios2-elf/4.9.1\libgcc.a(_clzsi2.o) (__clz_tab)
c:/altera/15.0/nios2eds/bin/gnu/h-x86_64-mingw32/bin/../lib/gcc/nios2-elf/4.9.1/../../../../../H-x86_64-mingw32/nios2-elf/lib\libc.a(lib_a-assert.o)
                              obj/default/camera.o (__assert_func)
c:/altera/15.0/nios2eds/bin/gnu/h-x86_64-mingw32/bin/../lib/gcc/nios2-elf/4.9.1/../../../../../H-x86_64-mingw32/nios2-elf/lib\libc.a(lib_a-fiprintf.o)
                              c:/altera/15.0/nios2eds/bin/gnu/h-x86_64-mingw32/bin/../lib/gcc/nios2-elf/4.9.1/../../../../../H-x86_64-mingw32/nios2-elf/lib\libc.a(lib_a-assert.o) (fiprintf)
c:/altera/15.0/nios2eds/bin/gnu/h-x86_64-mingw32/bin/../lib/gcc/nios2-elf/4.9.1/../../../../../H-x86_64-mingw32/nios2-elf/lib\libc.a(lib_a-impure.o)
                              c:/altera/15.0/nios2eds/bin/gnu/h-x86_64-mingw32/bin/../lib/gcc/nios2-elf/4.9.1/../../../../../H-x86_64-mingw32/nios2-elf/lib\libc.a(lib_a-assert.o) (_impure_ptr)
c:/altera/15.0/nios2eds/bin/gnu/h-x86_64-mingw32/bin/../lib/gcc/nios2-elf/4.9.1/../../../../../H-x86_64-mingw32/nios2-elf/lib\libc.a(lib_a-malloc.o)
                              obj/default/gui.o (malloc)
c:/altera/15.0/nios2eds/bin/gnu/h-x86_64-mingw32/bin/../lib/gcc/nios2-elf/4.9.1/../../../../../H-x86_64-mingw32/nios2-elf/lib\libc.a(lib_a-mallocr.o)
                              c:/altera/15.0/nios2eds/bin/gnu/h-x86_64-mingw32/bin/../lib/gcc/nios2-elf/4.9.1/../../../../../H-x86_64-mingw32/nios2-elf/lib\libc.a(lib_a-malloc.o) (_malloc_r)
c:/altera/15.0/nios2eds/bin/gnu/h-x86_64-mingw32/bin/../lib/gcc/nios2-elf/4.9.1/../../../../../H-x86_64-mingw32/nios2-elf/lib\libc.a(lib_a-memcpy.o)
                              obj/default/main.o (memcpy)
c:/altera/15.0/nios2eds/bin/gnu/h-x86_64-mingw32/bin/../lib/gcc/nios2-elf/4.9.1/../../../../../H-x86_64-mingw32/nios2-elf/lib\libc.a(lib_a-memset.o)
                              obj/default/camera.o (memset)
c:/altera/15.0/nios2eds/bin/gnu/h-x86_64-mingw32/bin/../lib/gcc/nios2-elf/4.9.1/../../../../../H-x86_64-mingw32/nios2-elf/lib\libc.a(lib_a-printf.o)
                              obj/default/debug.o (printf)
c:/altera/15.0/nios2eds/bin/gnu/h-x86_64-mingw32/bin/../lib/gcc/nios2-elf/4.9.1/../../../../../H-x86_64-mingw32/nios2-elf/lib\libc.a(lib_a-putchar.o)
                              obj/default/debug.o (putchar)
c:/altera/15.0/nios2eds/bin/gnu/h-x86_64-mingw32/bin/../lib/gcc/nios2-elf/4.9.1/../../../../../H-x86_64-mingw32/nios2-elf/lib\libc.a(lib_a-puts.o)
                              obj/default/gui.o (puts)
c:/altera/15.0/nios2eds/bin/gnu/h-x86_64-mingw32/bin/../lib/gcc/nios2-elf/4.9.1/../../../../../H-x86_64-mingw32/nios2-elf/lib\libc.a(lib_a-sbrkr.o)
                              c:/altera/15.0/nios2eds/bin/gnu/h-x86_64-mingw32/bin/../lib/gcc/nios2-elf/4.9.1/../../../../../H-x86_64-mingw32/nios2-elf/lib\libc.a(lib_a-mallocr.o) (_sbrk_r)
c:/altera/15.0/nios2eds/bin/gnu/h-x86_64-mingw32/bin/../lib/gcc/nios2-elf/4.9.1/../../../../../H-x86_64-mingw32/nios2-elf/lib\libc.a(lib_a-strlen.o)
                              c:/altera/15.0/nios2eds/bin/gnu/h-x86_64-mingw32/bin/../lib/gcc/nios2-elf/4.9.1/../../../../../H-x86_64-mingw32/nios2-elf/lib\libc.a(lib_a-puts.o) (strlen)
c:/altera/15.0/nios2eds/bin/gnu/h-x86_64-mingw32/bin/../lib/gcc/nios2-elf/4.9.1/../../../../../H-x86_64-mingw32/nios2-elf/lib\libc.a(lib_a-vfiprintfr_1.o)
                              c:/altera/15.0/nios2eds/bin/gnu/h-x86_64-mingw32/bin/../lib/gcc/nios2-elf/4.9.1/../../../../../H-x86_64-mingw32/nios2-elf/lib\libc.a(lib_a-fiprintf.o) (_vfiprintf_r)
c:/altera/15.0/nios2eds/bin/gnu/h-x86_64-mingw32/bin/../lib/gcc/nios2-elf/4.9.1/../../../../../H-x86_64-mingw32/nios2-elf/lib\libc.a(lib_a-vfprintf.o)
[...]
Memory Configuration

Name             Origin             Length             Attributes
reset            0x000000000c000000 0x0000000000000020
sdram            0x000000000c000020 0x0000000003ffffe0
*default*        0x0000000000000000 0xffffffffffffffff

Linker script and memory map

LOAD ../main_bsp//obj/HAL/src/crt0.o
LOAD obj/default/camera.o
LOAD obj/default/camera_test.o
LOAD obj/default/debug.o
LOAD obj/default/graphics.o
LOAD obj/default/gui.o
LOAD obj/default/main.o
LOAD obj/default/motor.o
LOAD obj/default/serial.o
LOAD obj/default/touch_screen.o
LOAD c:/altera/15.0/nios2eds/bin/gnu/h-x86_64-mingw32/bin/../lib/gcc/nios2-elf/4.9.1/../../../../../H-x86_64-mingw32/nios2-elf/lib\libstdc++.a
LOAD c:/altera/15.0/nios2eds/bin/gnu/h-x86_64-mingw32/bin/../lib/gcc/nios2-elf/4.9.1/../../../../../H-x86_64-mingw32/nios2-elf/lib\libm.a
LOAD c:/altera/15.0/nios2eds/bin/gnu/h-x86_64-mingw32/bin/../lib/gcc/nios2-elf/4.9.1\libgcc.a
START GROUP
LOAD c:/altera/15.0/nios2eds/bin/gnu/h-x86_64-mingw32/bin/../lib/gcc/nios2-elf/4.9.1/../../../../../H-x86_64-mingw32/nios2-elf/lib\libc.a
LOAD c:/altera/15.0/nios2eds/bin/gnu/h-x86_64-mingw32/bin/../lib/gcc/nios2-elf/4.9.1\libgcc.a
LOAD ../main_bsp/\libhal_bsp.a
LOAD c:/altera/15.0/nios2eds/bin/gnu/h-x86_64-mingw32/bin/../lib/gcc/nios2-elf/4.9.1/../../../../../H-x86_64-mingw32/nios2-elf/lib\libm.a
END GROUP
LOAD c:/altera/15.0/nios2eds/bin/gnu/h-x86_64-mingw32/bin/../lib/gcc/nios2-elf/4.9.1\libgcc.a
                0x000000000c000000                __alt_mem_sdram = 0xc000000

.entry          0x000000000c000000       0x20
 *(.entry)
 .entry         0x000000000c000000       0x20 ../main_bsp//obj/HAL/src/crt0.o
                0x000000000c000000                __reset

.exceptions     0x000000000c000020      0x19c
                0x000000000c000020                PROVIDE (__ram_exceptions_start, ABSOLUTE (.))
                0x000000000c000020                . = ALIGN (0x20)
 *(.irq)
 *(.exceptions.entry.label)
 .exceptions.entry.label
                0x000000000c000020        0x0 ../main_bsp/\libhal_bsp.a(alt_irq_entry.o)
                0x000000000c000020                alt_irq_entry
 .exceptions.entry.label
                0x000000000c000020        0x0 ../main_bsp/\libhal_bsp.a(alt_exception_entry.o)
                0x000000000c000020                alt_exception
 *(.exceptions.entry.user)
 *(.exceptions.entry.ecc_fatal)
 *(.exceptions.entry)
 .exceptions.entry
                0x000000000c000020       0x54 ../main_bsp/\libhal_bsp.a(alt_exception_entry.o)
 *(.exceptions.irqtest.user)
 *(.exceptions.irqtest)
 .exceptions.irqtest
                0x000000000c000074       0x10 ../main_bsp/\libhal_bsp.a(alt_irq_entry.o)
 *(.exceptions.irqhandler.user)
 *(.exceptions.irqhandler)
 .exceptions.irqhandler
                0x000000000c000084        0x4 ../main_bsp/\libhal_bsp.a(alt_irq_entry.o)
 *(.exceptions.irqreturn.user)
 *(.exceptions.irqreturn)
 .exceptions.irqreturn
                0x000000000c000088        0x4 ../main_bsp/\libhal_bsp.a(alt_irq_entry.o)
 *(.exceptions.notirq.label)
 .exceptions.notirq.label
                0x000000000c00008c        0x0 ../main_bsp/\libhal_bsp.a(alt_irq_entry.o)
 *(.exceptions.notirq.user)
 *(.exceptions.notirq)
 .exceptions.notirq
                0x000000000c00008c        0x8 ../main_bsp/\libhal_bsp.a(alt_exception_entry.o)
 *(.exceptions.soft.user)
 *(.exceptions.soft)
 *(.exceptions.unknown.user)
 *(.exceptions.unknown)
 .exceptions.unknown
                0x000000000c000094        0x4 ../main_bsp/\libhal_bsp.a(alt_exception_entry.o)
 *(.exceptions.exit.label)
 .exceptions.exit.label
                0x000000000c000098        0x0 ../main_bsp/\libhal_bsp.a(alt_irq_entry.o)
 .exceptions.exit.label
                0x000000000c000098        0x0 ../main_bsp/\libhal_bsp.a(alt_exception_entry.o)
 *(.exceptions.exit.user)
 *(.exceptions.exit)
 .exceptions.exit
                0x000000000c000098       0x54 ../main_bsp/\libhal_bsp.a(alt_exception_entry.o)
 *(.exceptions)
 .exceptions    0x000000000c0000ec       0xd0 ../main_bsp/\libhal_bsp.a(alt_irq_handler.o)
                0x000000000c0000ec                alt_irq_handler
                0x000000000c0001bc                PROVIDE (__ram_exceptions_end, ABSOLUTE (.))
                0x000000000c000020                PROVIDE (__flash_exceptions_start, LOADADDR (.exceptions))

.text           0x000000000c0001bc    0x179c0
                0x000000000c0001bc                PROVIDE (stext, ABSOLUTE (.))
 *(.interp)
 *(.hash)
 *(.dynsym)
 *(.dynstr)
 *(.gnu.version)
 *(.gnu.version_d)
 *(.gnu.version_r)
 *(.rel.init)
 *(.rela.init)
 *(.rel.text .rel.text.* .rel.gnu.linkonce.t.*)
 *(.rela.text .rela.text.* .rela.gnu.linkonce.t.*)
 *(.rel.fini)
 *(.rela.fini)
 *(.rel.rodata .rel.rodata.* .rel.gnu.linkonce.r.*)
 *(.rela.rodata .rela.rodata.* .rela.gnu.linkonce.r.*)
 *(.rel.data .rel.data.* .rel.gnu.linkonce.d.*)
 *(.rela.data .rela.data.* .rela.gnu.linkonce.d.*)
 *(.rel.tdata .rel.tdata.* .rel.gnu.linkonce.td.*)
 *(.rela.tdata .rela.tdata.* .rela.gnu.linkonce.td.*)
 *(.rel.tbss .rel.tbss.* .rel.gnu.linkonce.tb.*)
 *(.rela.tbss .rela.tbss.* .rela.gnu.linkonce.tb.*)
 *(.rel.ctors)
 *(.rela.ctors)
 *(.rel.dtors)
 *(.rela.dtors)
 *(.rel.got)
 *(.rela.got)
 *(.rel.sdata .rel.sdata.* .rel.gnu.linkonce.s.*)
 *(.rela.sdata .rela.sdata.* .rela.gnu.linkonce.s.*)
 *(.rel.sbss .rel.sbss.* .rel.gnu.linkonce.sb.*)
 *(.rela.sbss .rela.sbss.* .rela.gnu.linkonce.sb.*)
 *(.rel.sdata2 .rel.sdata2.* .rel.gnu.linkonce.s2.*)
 *(.rela.sdata2 .rela.sdata2.* .rela.gnu.linkonce.s2.*)
 *(.rel.sbss2 .rel.sbss2.* .rel.gnu.linkonce.sb2.*)
 *(.rela.sbss2 .rela.sbss2.* .rela.gnu.linkonce.sb2.*)
 *(.rel.bss .rel.bss.* .rel.gnu.linkonce.b.*)
 *(.rela.bss .rela.bss.* .rela.gnu.linkonce.b.*)
 *(.rel.plt)
 *(.rela.plt)
 *(.rel.dyn)
 *(.init)
 *(.plt)
 *(.text .stub .text.* .gnu.linkonce.t.*)
 .text          0x000000000c0001bc       0x3c ../main_bsp//obj/HAL/src/crt0.o
                0x000000000c0001bc                _start
 .text          0x000000000c0001f8      0x77c obj/default/camera.o
                0x000000000c0001f8                send_command
                0x000000000c000270                read_response
                0x000000000c0002fc                verify_response
                0x000000000c000384                run_command
                0x000000000c000430                camera_frame_buff_ctrl
                0x000000000c000488                cam_init
                0x000000000c0004d4                get_image_resolution
                0x000000000c000560                set_image_resolution
                0x000000000c0005dc                take_picture
                0x000000000c00060c                resume_picture
                0x000000000c00063c                frame_length
                0x000000000c000730                camera_reset
                0x000000000c000774                read_picture
                0x000000000c00086c                read_picture_to_ptr
 .text          0x000000000c000974        0x0 obj/default/camera_test.o
 .text          0x000000000c000974       0x78 obj/default/debug.o
                0x000000000c000974                print_byte_array
 .text          0x000000000c0009ec     0x1e68 obj/default/graphics.o
                0x000000000c0009ec                write_a_pixel
                0x000000000c000a68                read_a_pixel
                0x000000000c000af8                program_palette
                0x000000000c000b74                horizontal_line
                0x000000000c000c24                vertical_line
                0x000000000c000cd4                line
                0x000000000c000d74                rectangle
                0x000000000c000e00                right_triangle
                0x000000000c000f58                left_triangle
                0x000000000c0010b0                down_triangle
                0x000000000c001208                up_triangle
                0x000000000c001360                circle
                0x000000000c001540                clear_screen
                0x000000000c00159c                reticle
                0x000000000c001634                print_display
                0x000000000c0016cc                draw_button
                0x000000000c001e90                push_pixel
                0x000000000c001eec                pop_pixel
                0x000000000c001f4c                is_stack_empty
                0x000000000c001f84                fill
                0x000000000c002388                OutGraphicsCharFont1
                0x000000000c002534                OutGraphicsCharFont2a
                0x000000000c0026c4                init_palette
                0x000000000c0027ac                print_image
 .text          0x000000000c002854      0xf14 obj/default/gui.o
                0x000000000c002854                check_if_pressed
                0x000000000c0028bc                poll_touch
                0x000000000c00299c                retrieve_and_process_image
                0x000000000c002d1c                init_gui
                0x000000000c0031ac                proccess_buttons
                0x000000000c003228                manual_callback
                0x000000000c0032b4                automatic_callback
                0x000000000c003340                security_callback
                0x000000000c0033cc                fire_callback
                0x000000000c00342c                left_callback
                0x000000000c0034d4                right_callback
                0x000000000c00357c                up_callback
                0x000000000c003624                down_callback
                0x000000000c0036cc                buttons_not_pressed
 .text          0x000000000c003768     0x3c08 obj/default/main.o
                0x000000000c0067c8                njInit
                0x000000000c006804                njDone
                0x000000000c0068cc                njDecode
                0x000000000c006ae4                njGetWidth
                0x000000000c006b0c                njGetHeight
                0x000000000c006b34                njIsColor
                0x000000000c006b64                njGetImage
                0x000000000c006bbc                njGetImageSize
                0x000000000c006c04                cam_unit_test
                0x000000000c0072ec                main
 .text          0x000000000c007370      0x370 obj/default/motor.o
                0x000000000c007370                init_motors
                0x000000000c0073b0                move_up
                0x000000000c007468                move_down
                0x000000000c007524                move_left
                0x000000000c0075c8                move_right
                0x000000000c007670                set_motor_speed
 .text          0x000000000c0076e0      0x400 obj/default/serial.o
                0x000000000c007720                init_serial
                0x000000000c0077ac                enable_device_recv_irq
                0x000000000c0077fc                test_irq
                0x000000000c00781c                serial_putchar
                0x000000000c007870                serial_getchar
                0x000000000c0078b4                serial_write
                0x000000000c007930                serial_read
                0x000000000c0079a4                serial_read_timeout
                0x000000000c007a34                test_for_received_data
                0x000000000c007a64                wait_for_received_data
 .text          0x000000000c007ae0      0x644 obj/default/touch_screen.o
                0x000000000c007ae0                get_raw_coordinates
                0x000000000c007b24                verify_touch_report
                0x000000000c007b94                init_touch
                0x000000000c007c14                ScreenTouched
                0x000000000c007c44                WaitForTouch
                0x000000000c007c74                get_press_timeout
                0x000000000c007e34                get_press
                0x000000000c007fac                get_release
 .text          0x000000000c008124      0x8cc c:/altera/15.0/nios2eds/bin/gnu/h-x86_64-mingw32/bin/../lib/gcc/nios2-elf/4.9.1\libgcc.a(divdf3.o)
                0x000000000c008124                __divdf3
 .text          0x000000000c0089f0       0x88 c:/altera/15.0/nios2eds/bin/gnu/h-x86_64-mingw32/bin/../lib/gcc/nios2-elf/4.9.1\libgcc.a(fixdfsi.o)
                0x000000000c0089f0                __fixdfsi
 .text          0x000000000c008a78       0xd0 c:/altera/15.0/nios2eds/bin/gnu/h-x86_64-mingw32/bin/../lib/gcc/nios2-elf/4.9.1\libgcc.a(floatsidf.o)
                0x000000000c008a78                __floatsidf
 .text          0x000000000c008b48       0x64 c:/altera/15.0/nios2eds/bin/gnu/h-x86_64-mingw32/bin/../lib/gcc/nios2-elf/4.9.1\libgcc.a(_clzsi2.o)
                0x000000000c008b48                __clzsi2
 .text          0x000000000c008bac      0x12c c:/altera/15.0/nios2eds/bin/gnu/h-x86_64-mingw32/bin/../lib/gcc/nios2-elf/4.9.1\libgcc.a(lib2-divmod.o)
                0x000000000c008c18                __divsi3
                0x000000000c008c6c                __modsi3
                0x000000000c008cc8                __udivsi3
                0x000000000c008cd0                __umodsi3
 .text          0x000000000c008cd8        0x0 c:/altera/15.0/nios2eds/bin/gnu/h-x86_64-mingw32/bin/../lib/gcc/nios2-elf/4.9.1\libgcc.a(_clz.o)
 .text          0x000000000c008cd8       0x78 c:/altera/15.0/nios2eds/bin/gnu/h-x86_64-mingw32/bin/../lib/gcc/nios2-elf/4.9.1/../../../../../H-x86_64-mingw32/nios2-elf/lib\libc.a(lib_a-assert.o)
                0x000000000c008cd8                __assert_func
                0x000000000c008d3c                __assert
 .text          0x000000000c008d50       0x5c c:/altera/15.0/nios2eds/bin/gnu/h-x86_64-mingw32/bin/../lib/gcc/nios2-elf/4.9.1/../../../../../H-x86_64-mingw32/nios2-elf/lib\libc.a(lib_a-fiprintf.o)
                0x000000000c008d50                _fiprintf_r
                0x000000000c008d70                fiprintf
 .text          0x000000000c008dac        0x0 c:/altera/15.0/nios2eds/bin/gnu/h-x86_64-mingw32/bin/../lib/gcc/nios2-elf/4.9.1/../../../../../H-x86_64-mingw32/nios2-elf/lib\libc.a(lib_a-impure.o)
 .text          0x000000000c008dac       0x28 c:/altera/15.0/nios2eds/bin/gnu/h-x86_64-mingw32/bin/../lib/gcc/nios2-elf/4.9.1/../../../../../H-x86_64-mingw32/nios2-elf/lib\libc.a(lib_a-malloc.o)
                0x000000000c008dac                malloc
                0x000000000c008dc0                free
 .text          0x000000000c008dd4      0x7a8 c:/altera/15.0/nios2eds/bin/gnu/h-x86_64-mingw32/bin/../lib/gcc/nios2-elf/4.9.1/../../../../../H-x86_64-mingw32/nios2-elf/lib\libc.a(lib_a-mallocr.o)
                0x000000000c008dd4                _malloc_r
 .text          0x000000000c00957c      0x138 c:/altera/15.0/nios2eds/bin/gnu/h-x86_64-mingw32/bin/../lib/gcc/nios2-elf/4.9.1/../../../../../H-x86_64-mingw32/nios2-elf/lib\libc.a(lib_a-memcpy.o)
                0x000000000c00957c                memcpy
 .text          0x000000000c0096b4      0x124 c:/altera/15.0/nios2eds/bin/gnu/h-x86_64-mingw32/bin/../lib/gcc/nios2-elf/4.9.1/../../../../../H-x86_64-mingw32/nios2-elf/lib\libc.a(lib_a-memset.o)
                0x000000000c0096b4                memset
 .text          0x000000000c0097d8       0x68 c:/altera/15.0/nios2eds/bin/gnu/h-x86_64-mingw32/bin/../lib/gcc/nios2-elf/4.9.1/../../../../../H-x86_64-mingw32/nios2-elf/lib\libc.a(lib_a-printf.o)
                0x000000000c0097d8                _printf_r
                0x000000000c009804                printf
 .text          0x000000000c009840       0x20 c:/altera/15.0/nios2eds/bin/gnu/h-x86_64-mingw32/bin/../lib/gcc/nios2-elf/4.9.1/../../../../../H-x86_64-mingw32/nios2-elf/lib\libc.a(lib_a-putchar.o)
                0x000000000c009840                _putchar_r
                0x000000000c009848                putchar
 .text          0x000000000c009860       0xcc c:/altera/15.0/nios2eds/bin/gnu/h-x86_64-mingw32/bin/../lib/gcc/nios2-elf/4.9.1/../../../../../H-x86_64-mingw32/nios2-elf/lib\libc.a(lib_a-puts.o)
                0x000000000c009860                _puts_r
                0x000000000c009918                puts
 .text          0x000000000c00992c       0x54 c:/altera/15.0/nios2eds/bin/gnu/h-x86_64-mingw32/bin/../lib/gcc/nios2-elf/4.9.1/../../../../../H-x86_64-mingw32/nios2-elf/lib\libc.a(lib_a-sbrkr.o)
                0x000000000c00992c                _sbrk_r
 .text          0x000000000c009980       0x98 c:/altera/15.0/nios2eds/bin/gnu/h-x86_64-mingw32/bin/../lib/gcc/nios2-elf/4.9.1/../../../../../H-x86_64-mingw32/nios2-elf/lib\libc.a(lib_a-strlen.o)
                0x000000000c009980                strlen
 .text          0x000000000c009a18       0x1c c:/altera/15.0/nios2eds/bin/gnu/h-x86_64-mingw32/bin/../lib/gcc/nios2-elf/4.9.1/../../../../../H-x86_64-mingw32/nios2-elf/lib\libc.a(lib_a-vfiprintfr_1.o)
                0x000000000c009a18                _vfiprintf_r
 .text          0x000000000c009a34     0x2020 c:/altera/15.0/nios2eds/bin/gnu/h-x86_64-mingw32/bin/../lib/gcc/nios2-elf/4.9.1/../../../../../H-x86_64-mingw32/nios2-elf/lib\libc.a(lib_a-vfprintf.o)
                0x000000000c009a34                ___vfprintf_internal_r
                0x000000000c00ba30                __vfprintf_internal
 .text          0x000000000c00ba54      0x130 c:/altera/15.0/nios2eds/bin/gnu/h-x86_64-mingw32/bin/../lib/gcc/nios2-elf/4.9.1/../../../../../H-x86_64-mingw32/nios2-elf/lib\libc.a(lib_a-wsetup.o)
                0x000000000c00ba54                __swsetup_r
 .text          0x000000000c00bb84       0x18 c:/altera/15.0/nios2eds/bin/gnu/h-x86_64-mingw32/bin/../lib/gcc/nios2-elf/4.9.1/../../../../../H-x86_64-mingw32/nios2-elf/lib\libc.a(lib_a-abort.o)
                0x000000000c00bb84                abort
 .text          0x000000000c00bb9c     0x1928 c:/altera/15.0/nios2eds/bin/gnu/h-x86_64-mingw32/bin/../lib/gcc/nios2-elf/4.9.1/../../../../../H-x86_64-mingw32/nios2-elf/lib\libc.a(lib_a-dtoa.o)
                0x000000000c00bd9c                _dtoa_r
 .text          0x000000000c00d4c4      0x258 c:/altera/15.0/nios2eds/bin/gnu/h-x86_64-mingw32/bin/../lib/gcc/nios2-elf/4.9.1/../../../../../H-x86_64-mingw32/nios2-elf/lib\libc.a(lib_a-fflush.o)
                0x000000000c00d4c4                _fflush_r
                0x000000000c00d6ec                fflush
 .text          0x000000000c00d71c      0x3a0 c:/altera/15.0/nios2eds/bin/gnu/h-x86_64-mingw32/bin/../lib/gcc/nios2-elf/4.9.1/../../../../../H-x86_64-mingw32/nios2-elf/lib\libc.a(lib_a-findfp.o)
                0x000000000c00d72c                _cleanup_r
                0x000000000c00d8d8                __sfmoreglue
                0x000000000c00d93c                __sfp
                0x000000000c00da54                _cleanup
                0x000000000c00da6c                __sinit
                0x000000000c00da7c                __sfp_lock_acquire
                0x000000000c00da80                __sfp_lock_release
                0x000000000c00da84                __sinit_lock_acquire
                0x000000000c00da88                __sinit_lock_release
                0x000000000c00da8c                __fp_lock_all
                0x000000000c00daa4                __fp_unlock_all
 .text          0x000000000c00dabc      0x414 c:/altera/15.0/nios2eds/bin/gnu/h-x86_64-mingw32/bin/../lib/gcc/nios2-elf/4.9.1/../../../../../H-x86_64-mingw32/nios2-elf/lib\libc.a(lib_a-freer.o)
                0x000000000c00dabc                _malloc_trim_r
                0x000000000c00dbe0                _free_r
 .text          0x000000000c00ded0      0x4a4 c:/altera/15.0/nios2eds/bin/gnu/h-x86_64-mingw32/bin/../lib/gcc/nios2-elf/4.9.1/../../../../../H-x86_64-mingw32/nios2-elf/lib\libc.a(lib_a-fvwrite.o)
                0x000000000c00ded0                __sfvwrite_r
 .text          0x000000000c00e374      0x170 c:/altera/15.0/nios2eds/bin/gnu/h-x86_64-mingw32/bin/../lib/gcc/nios2-elf/4.9.1/../../../../../H-x86_64-mingw32/nios2-elf/lib\libc.a(lib_a-fwalk.o)
                0x000000000c00e374                _fwalk
                0x000000000c00e42c                _fwalk_reent
 .text          0x000000000c00e4e4        0x0 c:/altera/15.0/nios2eds/bin/gnu/h-x86_64-mingw32/bin/../lib/gcc/nios2-elf/4.9.1/../../../../../H-x86_64-mingw32/nios2-elf/lib\libc.a(lib_a-int_errno.o)
 .text          0x000000000c00e4e4       0xe0 c:/altera/15.0/nios2eds/bin/gnu/h-x86_64-mingw32/bin/../lib/gcc/nios2-elf/4.9.1/../../../../../H-x86_64-mingw32/nios2-elf/lib\libc.a(lib_a-locale.o)
                0x000000000c00e4e4                _setlocale_r
                0x000000000c00e560                __locale_charset
                0x000000000c00e56c                __locale_mb_cur_max
                0x000000000c00e57c                __locale_msgcharset
                0x000000000c00e588                __locale_cjk_lang
                0x000000000c00e590                _localeconv_r
                0x000000000c00e59c                setlocale
                0x000000000c00e5b8                localeconv
 .text          0x000000000c00e5c4      0x1b8 c:/altera/15.0/nios2eds/bin/gnu/h-x86_64-mingw32/bin/../lib/gcc/nios2-elf/4.9.1/../../../../../H-x86_64-mingw32/nios2-elf/lib\libc.a(lib_a-makebuf.o)
                0x000000000c00e5c4                __smakebuf_r
 .text          0x000000000c00e77c       0xe8 c:/altera/15.0/nios2eds/bin/gnu/h-x86_64-mingw32/bin/../lib/gcc/nios2-elf/4.9.1/../../../../../H-x86_64-mingw32/nios2-elf/lib\libc.a(lib_a-memchr.o)
                0x000000000c00e77c                memchr
 .text          0x000000000c00e864      0x15c c:/altera/15.0/nios2eds/bin/gnu/h-x86_64-mingw32/bin/../lib/gcc/nios2-elf/4.9.1/../../../../../H-x86_64-mingw32/nios2-elf/lib\libc.a(lib_a-memmove.o)
                0x000000000c00e864                memmove
 .text          0x000000000c00e9c0      0xf8c c:/altera/15.0/nios2eds/bin/gnu/h-x86_64-mingw32/bin/../lib/gcc/nios2-elf/4.9.1/../../../../../H-x86_64-mingw32/nios2-elf/lib\libc.a(lib_a-mprec.o)
                0x000000000c00e9c0                _Balloc
                0x000000000c00ea68                _Bfree
                0x000000000c00ea90                __multadd
                0x000000000c00eba4                __s2b
                0x000000000c00eca8                __hi0bits
                0x000000000c00ed10                __lo0bits
                0x000000000c00edc0                __i2b
                0x000000000c00edfc                __multiply
                0x000000000c00eff8                __pow5mult
                0x000000000c00f138                __lshift
                0x000000000c00f280                __mcmp
                0x000000000c00f2e0                __mdiff
                0x000000000c00f478                __ulp
                0x000000000c00f4d8                __b2d
                0x000000000c00f5f4                __d2b
                0x000000000c00f730                __ratio
                0x000000000c00f7d4                _mprec_log10
                0x000000000c00f848                __copybits
                0x000000000c00f8c0                __any_on
 .text          0x000000000c00f94c      0x168 c:/altera/15.0/nios2eds/bin/gnu/h-x86_64-mingw32/bin/../lib/gcc/nios2-elf/4.9.1/../../../../../H-x86_64-mingw32/nios2-elf/lib\libc.a(lib_a-putc.o)
                0x000000000c00f94c                _putc_r
                0x000000000c00f9ec                putc
 .text          0x000000000c00fab4      0x5a0 c:/altera/15.0/nios2eds/bin/gnu/h-x86_64-mingw32/bin/../lib/gcc/nios2-elf/4.9.1/../../../../../H-x86_64-mingw32/nios2-elf/lib\libc.a(lib_a-reallocr.o)
                0x000000000c00fab4                _realloc_r
 .text          0x000000000c010054       0x74 c:/altera/15.0/nios2eds/bin/gnu/h-x86_64-mingw32/bin/../lib/gcc/nios2-elf/4.9.1/../../../../../H-x86_64-mingw32/nios2-elf/lib\libc.a(lib_a-s_fpclassify.o)
                0x000000000c010054                __fpclassifyd
 .text          0x000000000c0100c8      0x2a4 c:/altera/15.0/nios2eds/bin/gnu/h-x86_64-mingw32/bin/../lib/gcc/nios2-elf/4.9.1/../../../../../H-x86_64-mingw32/nios2-elf/lib\libc.a(lib_a-signal.o)
                0x000000000c0100c8                _init_signal_r
                0x000000000c010130                _signal_r
                0x000000000c0101b4                _raise_r
                0x000000000c010270                __sigtramp_r
                0x000000000c010318                raise
                0x000000000c01032c                signal
                0x000000000c010348                _init_signal
                0x000000000c010358                __sigtramp
 .text          0x000000000c01036c       0x5c c:/altera/15.0/nios2eds/bin/gnu/h-x86_64-mingw32/bin/../lib/gcc/nios2-elf/4.9.1/../../../../../H-x86_64-mingw32/nios2-elf/lib\libc.a(lib_a-signalr.o)
                0x000000000c01036c                _kill_r
                0x000000000c0103c4                _getpid_r
 .text          0x000000000c0103c8      0x13c c:/altera/15.0/nios2eds/bin/gnu/h-x86_64-mingw32/bin/../lib/gcc/nios2-elf/4.9.1/../../../../../H-x86_64-mingw32/nios2-elf/lib\libc.a(lib_a-stdio.o)
                0x000000000c0103c8                __sread
                0x000000000c01041c                __seofread
                0x000000000c010424                __swrite
                0x000000000c0104a0                __sseek
                0x000000000c0104fc                __sclose
 .text          0x000000000c010504       0xa4 c:/altera/15.0/nios2eds/bin/gnu/h-x86_64-mingw32/bin/../lib/gcc/nios2-elf/4.9.1/../../../../../H-x86_64-mingw32/nios2-elf/lib\libc.a(lib_a-strcmp.o)
                0x000000000c010504                strcmp
 .text          0x000000000c0105a8     0x1494 c:/altera/15.0/nios2eds/bin/gnu/h-x86_64-mingw32/bin/../lib/gcc/nios2-elf/4.9.1/../../../../../H-x86_64-mingw32/nios2-elf/lib\libc.a(lib_a-vfiprintf.o)
                0x000000000c0106a4                __sprint_r
                0x000000000c0106bc                ___vfiprintf_internal_r
                0x000000000c011a18                __vfiprintf_internal
 .text          0x000000000c011a3c      0x170 c:/altera/15.0/nios2eds/bin/gnu/h-x86_64-mingw32/bin/../lib/gcc/nios2-elf/4.9.1/../../../../../H-x86_64-mingw32/nios2-elf/lib\libc.a(lib_a-wbuf.o)
                0x000000000c011a3c                __swbuf_r
                0x000000000c011b90                __swbuf
 .text          0x000000000c011bac       0x5c c:/altera/15.0/nios2eds/bin/gnu/h-x86_64-mingw32/bin/../lib/gcc/nios2-elf/4.9.1/../../../../../H-x86_64-mingw32/nios2-elf/lib\libc.a(lib_a-writer.o)
                0x000000000c011bac                _write_r
 .text          0x000000000c011c08       0x54 c:/altera/15.0/nios2eds/bin/gnu/h-x86_64-mingw32/bin/../lib/gcc/nios2-elf/4.9.1/../../../../../H-x86_64-mingw32/nios2-elf/lib\libc.a(closer.o)
                0x000000000c011c08                _close_r
 .text          0x000000000c011c5c       0xc4 c:/altera/15.0/nios2eds/bin/gnu/h-x86_64-mingw32/bin/../lib/gcc/nios2-elf/4.9.1/../../../../../H-x86_64-mingw32/nios2-elf/lib\libc.a(lib_a-callocr.o)
                0x000000000c011c5c                _calloc_r
 .text          0x000000000c011d20      0x114 c:/altera/15.0/nios2eds/bin/gnu/h-x86_64-mingw32/bin/../lib/gcc/nios2-elf/4.9.1/../../../../../H-x86_64-mingw32/nios2-elf/lib\libc.a(lib_a-fclose.o)
                0x000000000c011d20                _fclose_r
                0x000000000c011e20                fclose
 .text          0x000000000c011e34      0x1dc c:/altera/15.0/nios2eds/bin/gnu/h-x86_64-mingw32/bin/../lib/gcc/nios2-elf/4.9.1/../../../../../H-x86_64-mingw32/nios2-elf/lib\libc.a(lib_a-fputwc.o)
                0x000000000c011e34                _fputwc_r
                0x000000000c011fb8                fputwc
 .text          0x000000000c012010       0x58 c:/altera/15.0/nios2eds/bin/gnu/h-x86_64-mingw32/bin/../lib/gcc/nios2-elf/4.9.1/../../../../../H-x86_64-mingw32/nios2-elf/lib\libc.a(lib_a-fstatr.o)
                0x000000000c012010                _fstat_r
 .text          0x000000000c012068       0x54 c:/altera/15.0/nios2eds/bin/gnu/h-x86_64-mingw32/bin/../lib/gcc/nios2-elf/4.9.1/../../../../../H-x86_64-mingw32/nios2-elf/lib\libc.a(lib_a-isattyr.o)
                0x000000000c012068                _isatty_r
 .text          0x000000000c0120bc       0x5c c:/altera/15.0/nios2eds/bin/gnu/h-x86_64-mingw32/bin/../lib/gcc/nios2-elf/4.9.1/../../../../../H-x86_64-mingw32/nios2-elf/lib\libc.a(lib_a-lseekr.o)
                0x000000000c0120bc                _lseek_r
 .text          0x000000000c012118       0x5c c:/altera/15.0/nios2eds/bin/gnu/h-x86_64-mingw32/bin/../lib/gcc/nios2-elf/4.9.1/../../../../../H-x86_64-mingw32/nios2-elf/lib\libc.a(lib_a-readr.o)
                0x000000000c012118                _read_r
 .text          0x000000000c012174      0x174 c:/altera/15.0/nios2eds/bin/gnu/h-x86_64-mingw32/bin/../lib/gcc/nios2-elf/4.9.1/../../../../../H-x86_64-mingw32/nios2-elf/lib\libc.a(lib_a-wcrtomb.o)
                0x000000000c012174                _wcrtomb_r
                0x000000000c012210                wcrtomb
 .text          0x000000000c0122e8       0x8c c:/altera/15.0/nios2eds/bin/gnu/h-x86_64-mingw32/bin/../lib/gcc/nios2-elf/4.9.1/../../../../../H-x86_64-mingw32/nios2-elf/lib\libc.a(lib_a-wctomb_r.o)
                0x000000000c0122e8                __ascii_wctomb
                0x000000000c012318                _wctomb_r
 .text          0x000000000c012374      0x5c0 c:/altera/15.0/nios2eds/bin/gnu/h-x86_64-mingw32/bin/../lib/gcc/nios2-elf/4.9.1\libgcc.a(_udivdi3.o)
                0x000000000c012374                __udivdi3
 .text          0x000000000c012934      0x590 c:/altera/15.0/nios2eds/bin/gnu/h-x86_64-mingw32/bin/../lib/gcc/nios2-elf/4.9.1\libgcc.a(_umoddi3.o)
                0x000000000c012934                __umoddi3
 .text          0x000000000c012ec4      0x89c c:/altera/15.0/nios2eds/bin/gnu/h-x86_64-mingw32/bin/../lib/gcc/nios2-elf/4.9.1\libgcc.a(adddf3.o)
                0x000000000c012ec4                __adddf3
 .text          0x000000000c013760       0x84 c:/altera/15.0/nios2eds/bin/gnu/h-x86_64-mingw32/bin/../lib/gcc/nios2-elf/4.9.1\libgcc.a(eqdf2.o)
                0x000000000c013760                __nedf2
                0x000000000c013760                __eqdf2
 .text          0x000000000c0137e4       0xe0 c:/altera/15.0/nios2eds/bin/gnu/h-x86_64-mingw32/bin/../lib/gcc/nios2-elf/4.9.1\libgcc.a(gedf2.o)
                0x000000000c0137e4                __gedf2
                0x000000000c0137e4                __gtdf2
 .text          0x000000000c0138c4       0xe0 c:/altera/15.0/nios2eds/bin/gnu/h-x86_64-mingw32/bin/../lib/gcc/nios2-elf/4.9.1\libgcc.a(ledf2.o)
                0x000000000c0138c4                __ledf2
                0x000000000c0138c4                __ltdf2
 .text          0x000000000c0139a4      0x724 c:/altera/15.0/nios2eds/bin/gnu/h-x86_64-mingw32/bin/../lib/gcc/nios2-elf/4.9.1\libgcc.a(muldf3.o)
                0x000000000c0139a4                __muldf3
 .text          0x000000000c0140c8      0x8d0 c:/altera/15.0/nios2eds/bin/gnu/h-x86_64-mingw32/bin/../lib/gcc/nios2-elf/4.9.1\libgcc.a(subdf3.o)
                0x000000000c0140c8                __subdf3
 .text          0x000000000c014998       0xa4 c:/altera/15.0/nios2eds/bin/gnu/h-x86_64-mingw32/bin/../lib/gcc/nios2-elf/4.9.1\libgcc.a(floatunsidf.o)
                0x000000000c014998                __floatunsidf
 .text          0x000000000c014a3c      0x120 ../main_bsp/\libhal_bsp.a(alt_close.o)
                0x000000000c014a8c                close
 .text          0x000000000c014b5c       0x2c ../main_bsp/\libhal_bsp.a(alt_dev.o)
 .text          0x000000000c014b88        0x0 ../main_bsp/\libhal_bsp.a(alt_errno.o)
 .text          0x000000000c014b88       0x34 ../main_bsp/\libhal_bsp.a(alt_exit.o)
                0x000000000c014b88                _exit
 .text          0x000000000c014bbc      0x100 ../main_bsp/\libhal_bsp.a(alt_fstat.o)
                0x000000000c014c0c                fstat
 .text          0x000000000c014cbc       0x20 ../main_bsp/\libhal_bsp.a(alt_getpid.o)
                0x000000000c014cbc                getpid
 .text          0x000000000c014cdc      0x1b0 ../main_bsp/\libhal_bsp.a(alt_irq_register.o)
                0x000000000c014cdc                alt_irq_register
 .text          0x000000000c014e8c        0x0 ../main_bsp/\libhal_bsp.a(alt_irq_vars.o)
 .text          0x000000000c014e8c       0xf4 ../main_bsp/\libhal_bsp.a(alt_isatty.o)
                0x000000000c014edc                isatty
 .text          0x000000000c014f80      0x180 ../main_bsp/\libhal_bsp.a(alt_kill.o)
                0x000000000c014fd0                kill
 .text          0x000000000c015100       0xe4 ../main_bsp/\libhal_bsp.a(alt_load.o)
                0x000000000c015164                alt_load
 .text          0x000000000c0151e4      0x124 ../main_bsp/\libhal_bsp.a(alt_lseek.o)
                0x000000000c015234                lseek
 .text          0x000000000c015308       0x78 ../main_bsp/\libhal_bsp.a(alt_main.o)
                0x000000000c015308                alt_main
 .text          0x000000000c015380       0x40 ../main_bsp/\libhal_bsp.a(alt_malloc_lock.o)
                0x000000000c015380                __malloc_lock
                0x000000000c0153a0                __malloc_unlock
 .text          0x000000000c0153c0      0x14c ../main_bsp/\libhal_bsp.a(alt_read.o)
                0x000000000c015410                read
 .text          0x000000000c01550c       0x60 ../main_bsp/\libhal_bsp.a(alt_release_fd.o)
                0x000000000c01550c                alt_release_fd
 .text          0x000000000c01556c       0xb0 ../main_bsp/\libhal_bsp.a(alt_sbrk.o)
                0x000000000c01556c                sbrk
 .text          0x000000000c01561c       0x30 ../main_bsp/\libhal_bsp.a(alt_usleep.o)
                0x000000000c01561c                usleep
 .text          0x000000000c01564c      0x148 ../main_bsp/\libhal_bsp.a(alt_write.o)
                0x000000000c01569c                write
 .text          0x000000000c015794       0xdc ../main_bsp/\libhal_bsp.a(alt_sys_init.o)
                0x000000000c0157cc                alt_irq_init
                0x000000000c015800                alt_sys_init
 .text          0x000000000c015870      0x164 ../main_bsp/\libhal_bsp.a(altera_avalon_jtag_uart_fd.o)
                0x000000000c015870                altera_avalon_jtag_uart_read_fd
                0x000000000c0158d0                altera_avalon_jtag_uart_write_fd
                0x000000000c015930                altera_avalon_jtag_uart_close_fd
                0x000000000c015980                altera_avalon_jtag_uart_ioctl_fd
 .text          0x000000000c0159d4      0x3d8 ../main_bsp/\libhal_bsp.a(altera_avalon_jtag_uart_init.o)
                0x000000000c0159d4                altera_avalon_jtag_uart_init
                0x000000000c015d44                altera_avalon_jtag_uart_close
 .text          0x000000000c015dac       0xec ../main_bsp/\libhal_bsp.a(altera_avalon_jtag_uart_ioctl.o)
                0x000000000c015dac                altera_avalon_jtag_uart_ioctl
 .text          0x000000000c015e98      0x20c ../main_bsp/\libhal_bsp.a(altera_avalon_jtag_uart_read.o)
                0x000000000c015e98                altera_avalon_jtag_uart_read
 .text          0x000000000c0160a4      0x218 ../main_bsp/\libhal_bsp.a(altera_avalon_jtag_uart_write.o)
                0x000000000c0160a4                altera_avalon_jtag_uart_write
 .text          0x000000000c0162bc       0xfc ../main_bsp/\libhal_bsp.a(altera_avalon_timer_sc.o)
                0x000000000c016330                alt_avalon_timer_sc_init
 .text          0x000000000c0163b8      0x4d8 ../main_bsp/\libhal_bsp.a(altera_up_avalon_character_lcd.o)
                0x000000000c0163b8                get_DDRAM_addr
                0x000000000c01642c                alt_up_character_lcd_send_cmd
                0x000000000c016468                alt_up_character_lcd_init
                0x000000000c01649c                alt_up_character_lcd_open_dev
                0x000000000c0164dc                alt_up_character_lcd_write
                0x000000000c016554                alt_up_character_lcd_string
                0x000000000c0165c8                alt_up_character_lcd_write_fd
                0x000000000c016618                alt_up_character_lcd_set_cursor_pos
                0x000000000c01668c                alt_up_character_lcd_shift_cursor
                0x000000000c016714                alt_up_character_lcd_shift_display
                0x000000000c01679c                alt_up_character_lcd_erase_pos
                0x000000000c016828                alt_up_character_lcd_cursor_off
                0x000000000c01685c                alt_up_character_lcd_cursor_blink_on
 .text          0x000000000c016890      0x140 ../main_bsp/\libhal_bsp.a(alt_alarm_start.o)
                0x000000000c016890                alt_alarm_start
 .text          0x000000000c0169d0      0x128 ../main_bsp/\libhal_bsp.a(alt_busy_sleep.o)
                0x000000000c0169d0                alt_busy_sleep
 .text          0x000000000c016af8       0x1c ../main_bsp/\libhal_bsp.a(alt_dcache_flush_all.o)
                0x000000000c016af8                alt_dcache_flush_all
 .text          0x000000000c016b14       0xf4 ../main_bsp/\libhal_bsp.a(alt_dev_llist_insert.o)
                0x000000000c016b64                alt_dev_llist_insert
 .text          0x000000000c016c08       0x5c ../main_bsp/\libhal_bsp.a(alt_do_ctors.o)
                0x000000000c016c08                _do_ctors
 .text          0x000000000c016c64       0x5c ../main_bsp/\libhal_bsp.a(alt_do_dtors.o)
                0x000000000c016c64                _do_dtors
 .text          0x000000000c016cc0       0x90 ../main_bsp/\libhal_bsp.a(alt_find_dev.o)
                0x000000000c016cc0                alt_find_dev
 .text          0x000000000c016d50       0x30 ../main_bsp/\libhal_bsp.a(alt_icache_flush_all.o)
                0x000000000c016d50                alt_icache_flush_all
 .text          0x000000000c016d80      0x1e0 ../main_bsp/\libhal_bsp.a(alt_iic.o)
                0x000000000c016d80                alt_ic_isr_register
                0x000000000c016dd0                alt_ic_irq_enable
                0x000000000c016e70                alt_ic_irq_disable
                0x000000000c016f14                alt_ic_irq_enabled
 .text          0x000000000c016f60       0xf0 ../main_bsp/\libhal_bsp.a(alt_iic_isr_register.o)
                0x000000000c016f60                alt_iic_isr_register
 .text          0x000000000c017050      0x138 ../main_bsp/\libhal_bsp.a(alt_io_redirect.o)
                0x000000000c017110                alt_io_redirect
 .text          0x000000000c017188        0x0 ../main_bsp/\libhal_bsp.a(alt_irq_entry.o)
 .text          0x000000000c017188        0x0 ../main_bsp/\libhal_bsp.a(alt_irq_handler.o)
 .text          0x000000000c017188      0x274 ../main_bsp/\libhal_bsp.a(alt_open.o)
                0x000000000c0172a4                open
 .text          0x000000000c0173fc      0x19c ../main_bsp/\libhal_bsp.a(alt_tick.o)
                0x000000000c0173fc                alt_alarm_stop
                0x000000000c017494                alt_tick
 .text          0x000000000c017598       0x20 ../main_bsp/\libhal_bsp.a(altera_nios2_qsys_irq.o)
                0x000000000c017598                altera_nios2_qsys_irq_init
 .text          0x000000000c0175b8        0x0 ../main_bsp/\libhal_bsp.a(alt_exception_entry.o)
 .text          0x000000000c0175b8      0x114 ../main_bsp/\libhal_bsp.a(alt_find_file.o)
                0x000000000c0175b8                alt_find_file
 .text          0x000000000c0176cc       0xb4 ../main_bsp/\libhal_bsp.a(alt_get_fd.o)
                0x000000000c0176cc                alt_get_fd
 .text          0x000000000c017780       0x8c ../main_bsp/\libhal_bsp.a(alt_icache_flush.o)
                0x000000000c017780                alt_icache_flush
 .text          0x000000000c01780c       0x14 c:/altera/15.0/nios2eds/bin/gnu/h-x86_64-mingw32/bin/../lib/gcc/nios2-elf/4.9.1/../../../../../H-x86_64-mingw32/nios2-elf/lib\libc.a(lib_a-atexit.o)
                0x000000000c01780c                atexit
 .text          0x000000000c017820       0x38 c:/altera/15.0/nios2eds/bin/gnu/h-x86_64-mingw32/bin/../lib/gcc/nios2-elf/4.9.1/../../../../../H-x86_64-mingw32/nios2-elf/lib\libc.a(lib_a-exit.o)
                0x000000000c017820                exit
 .text          0x000000000c017858       0x7c c:/altera/15.0/nios2eds/bin/gnu/h-x86_64-mingw32/bin/../lib/gcc/nios2-elf/4.9.1/../../../../../H-x86_64-mingw32/nios2-elf/lib\libc.a(lib_a-memcmp.o)
                0x000000000c017858                memcmp
 .text          0x000000000c0178d4      0x114 c:/altera/15.0/nios2eds/bin/gnu/h-x86_64-mingw32/bin/../lib/gcc/nios2-elf/4.9.1/../../../../../H-x86_64-mingw32/nios2-elf/lib\libc.a(lib_a-__atexit.o)
                0x000000000c0178d4                __register_exitproc
 .text          0x000000000c0179e8      0x194 c:/altera/15.0/nios2eds/bin/gnu/h-x86_64-mingw32/bin/../lib/gcc/nios2-elf/4.9.1/../../../../../H-x86_64-mingw32/nios2-elf/lib\libc.a(lib_a-__call_atexit.o)
                0x000000000c0179e8                __call_exitprocs
 *(.gnu.warning.*)
 *(.fini)
                0x000000000c017b7c                PROVIDE (__etext, ABSOLUTE (.))
                0x000000000c017b7c                PROVIDE (_etext, ABSOLUTE (.))
                0x000000000c017b7c                PROVIDE (etext, ABSOLUTE (.))
 *(.eh_frame_hdr)
                0x000000000c017b7c                . = ALIGN (0x4)
                0x000000000c017b7c                PROVIDE (__preinit_array_start, ABSOLUTE (.))
 *(.preinit_array)
                0x000000000c017b7c                PROVIDE (__preinit_array_end, ABSOLUTE (.))
                0x000000000c017b7c                PROVIDE (__init_array_start, ABSOLUTE (.))
 *(.init_array)
                0x000000000c017b7c                PROVIDE (__init_array_end, ABSOLUTE (.))
                0x000000000c017b7c                PROVIDE (__fini_array_start, ABSOLUTE (.))
 *(.fini_array)
                0x000000000c017b7c                PROVIDE (__fini_array_end, ABSOLUTE (.))
 *(.eh_frame)
 *(.gcc_except_table .gcc_except_table.*)
 *(.dynamic)
                0x000000000c017b7c                PROVIDE (__CTOR_LIST__, ABSOLUTE (.))
 *(.ctors)
 *(SORT(.ctors.*))
                0x000000000c017b7c                PROVIDE (__CTOR_END__, ABSOLUTE (.))
                0x000000000c017b7c                PROVIDE (__DTOR_LIST__, ABSOLUTE (.))
 *(.dtors)
 *(SORT(.dtors.*))
                0x000000000c017b7c                PROVIDE (__DTOR_END__, ABSOLUTE (.))
 *(.jcr)
                0x000000000c017b7c                . = ALIGN (0x4)

.rodata         0x000000000c017b7c     0xab68
                0x000000000c017b7c                PROVIDE (__ram_rodata_start, ABSOLUTE (.))
                0x000000000c017b7c                . = ALIGN (0x4)
 *(.rodata .rodata.* .gnu.linkonce.r.*)
 .rodata        0x000000000c017b7c       0x3c obj/default/camera.o
 .rodata        0x000000000c017bb8        0x8 obj/default/debug.o
 .rodata        0x000000000c017bc0     0xa524 obj/default/graphics.o
                0x000000000c017bc0                Font5x7
                0x000000000c017e5a                Font10x14
                0x000000000c0188be                Font16x27
                0x000000000c019cc8                Font22x40
                0x000000000c01c950                Font38x59
 .rodata        0x000000000c0220e4       0xc8 obj/default/gui.o
 .rodata        0x000000000c0221ac      0x118 obj/default/main.o
 .rodata        0x000000000c0222c4       0xc8 obj/default/motor.o
 .rodata        0x000000000c02238c      0x100 c:/altera/15.0/nios2eds/bin/gnu/h-x86_64-mingw32/bin/../lib/gcc/nios2-elf/4.9.1\libgcc.a(_clz.o)
                0x000000000c02238c                __clz_tab
 .rodata.str1.4
                0x000000000c02248c       0x3f c:/altera/15.0/nios2eds/bin/gnu/h-x86_64-mingw32/bin/../lib/gcc/nios2-elf/4.9.1/../../../../../H-x86_64-mingw32/nios2-elf/lib\libc.a(lib_a-assert.o)
                                         0x44 (size before relaxing)
 *fill*         0x000000000c0224cb        0x1 
 .rodata.str1.4
                0x000000000c0224cc        0x2 c:/altera/15.0/nios2eds/bin/gnu/h-x86_64-mingw32/bin/../lib/gcc/nios2-elf/4.9.1/../../../../../H-x86_64-mingw32/nios2-elf/lib\libc.a(lib_a-impure.o)
                                          0x4 (size before relaxing)
 *fill*         0x000000000c0224ce        0x2 
 .rodata.str1.4
                0x000000000c0224d0        0x2 c:/altera/15.0/nios2eds/bin/gnu/h-x86_64-mingw32/bin/../lib/gcc/nios2-elf/4.9.1/../../../../../H-x86_64-mingw32/nios2-elf/lib\libc.a(lib_a-puts.o)
                                          0x4 (size before relaxing)
 *fill*         0x000000000c0224d2        0x2 
 .rodata.str1.4
                0x000000000c0224d4       0x42 c:/altera/15.0/nios2eds/bin/gnu/h-x86_64-mingw32/bin/../lib/gcc/nios2-elf/4.9.1/../../../../../H-x86_64-mingw32/nios2-elf/lib\libc.a(lib_a-vfprintf.o)
                                         0x44 (size before relaxing)
 .rodata        0x000000000c022516       0x20 c:/altera/15.0/nios2eds/bin/gnu/h-x86_64-mingw32/bin/../lib/gcc/nios2-elf/4.9.1/../../../../../H-x86_64-mingw32/nios2-elf/lib\libc.a(lib_a-vfprintf.o)
 *fill*         0x000000000c022536        0x2 
 .rodata.str1.4
                0x000000000c022538       0x10 c:/altera/15.0/nios2eds/bin/gnu/h-x86_64-mingw32/bin/../lib/gcc/nios2-elf/4.9.1/../../../../../H-x86_64-mingw32/nios2-elf/lib\libc.a(lib_a-dtoa.o)
                                         0x14 (size before relaxing)
 .rodata.str1.4
                0x000000000c022548        0xc c:/altera/15.0/nios2eds/bin/gnu/h-x86_64-mingw32/bin/../lib/gcc/nios2-elf/4.9.1/../../../../../H-x86_64-mingw32/nios2-elf/lib\libc.a(lib_a-locale.o)
                                         0x14 (size before relaxing)
 .rodata        0x000000000c022554      0x124 c:/altera/15.0/nios2eds/bin/gnu/h-x86_64-mingw32/bin/../lib/gcc/nios2-elf/4.9.1/../../../../../H-x86_64-mingw32/nios2-elf/lib\libc.a(lib_a-mprec.o)
                0x000000000c022560                __mprec_tinytens
                0x000000000c022588                __mprec_bigtens
                0x000000000c0225b0                __mprec_tens
 .rodata.str1.4
                0x0000000000000000       0x30 c:/altera/15.0/nios2eds/bin/gnu/h-x86_64-mingw32/bin/../lib/gcc/nios2-elf/4.9.1/../../../../../H-x86_64-mingw32/nios2-elf/lib\libc.a(lib_a-vfiprintf.o)
 .rodata        0x000000000c022678       0x20 c:/altera/15.0/nios2eds/bin/gnu/h-x86_64-mingw32/bin/../lib/gcc/nios2-elf/4.9.1/../../../../../H-x86_64-mingw32/nios2-elf/lib\libc.a(lib_a-vfiprintf.o)
 .rodata        0x000000000c022698        0xc ../main_bsp/\libhal_bsp.a(alt_dev.o)
 .rodata        0x000000000c0226a4       0x14 ../main_bsp/\libhal_bsp.a(alt_main.o)
 .rodata        0x000000000c0226b8       0x2c ../main_bsp/\libhal_bsp.a(alt_sys_init.o)
 *(.rodata1)
                0x000000000c0226e4                . = ALIGN (0x4)
                0x000000000c0226e4                PROVIDE (__ram_rodata_end, ABSOLUTE (.))
                0x000000000c017b7c                PROVIDE (__flash_rodata_start, LOADADDR (.rodata))

.rwdata         0x000000000c0226e4     0x1b30 load address 0x000000000c024214
                0x000000000c0226e4                PROVIDE (__ram_rwdata_start, ABSOLUTE (.))
                0x000000000c0226e4                . = ALIGN (0x4)
 *(.got.plt)
 *(.got)
 *(.data1)
 *(.data .data.* .gnu.linkonce.d.*)
 .data          0x000000000c0226e4        0x0 ../main_bsp//obj/HAL/src/crt0.o
 .data          0x000000000c0226e4        0x0 obj/default/camera.o
 .data          0x000000000c0226e4        0x0 obj/default/camera_test.o
 .data          0x000000000c0226e4        0x0 obj/default/debug.o
 .data          0x000000000c0226e4        0x0 obj/default/graphics.o
 .data          0x000000000c0226e4        0x0 obj/default/gui.o
 .data          0x000000000c0226e4        0x0 obj/default/main.o
 .data          0x000000000c0226e4        0x0 obj/default/motor.o
 .data          0x000000000c0226e4        0x0 obj/default/serial.o
 .data          0x000000000c0226e4        0x0 obj/default/touch_screen.o
 .data          0x000000000c0226e4        0x0 c:/altera/15.0/nios2eds/bin/gnu/h-x86_64-mingw32/bin/../lib/gcc/nios2-elf/4.9.1\libgcc.a(divdf3.o)
 .data          0x000000000c0226e4        0x0 c:/altera/15.0/nios2eds/bin/gnu/h-x86_64-mingw32/bin/../lib/gcc/nios2-elf/4.9.1\libgcc.a(fixdfsi.o)
 .data          0x000000000c0226e4        0x0 c:/altera/15.0/nios2eds/bin/gnu/h-x86_64-mingw32/bin/../lib/gcc/nios2-elf/4.9.1\libgcc.a(floatsidf.o)
 .data          0x000000000c0226e4        0x0 c:/altera/15.0/nios2eds/bin/gnu/h-x86_64-mingw32/bin/../lib/gcc/nios2-elf/4.9.1\libgcc.a(_clzsi2.o)
 .data          0x000000000c0226e4        0x0 c:/altera/15.0/nios2eds/bin/gnu/h-x86_64-mingw32/bin/../lib/gcc/nios2-elf/4.9.1\libgcc.a(lib2-divmod.o)
 .data          0x000000000c0226e4        0x0 c:/altera/15.0/nios2eds/bin/gnu/h-x86_64-mingw32/bin/../lib/gcc/nios2-elf/4.9.1\libgcc.a(_clz.o)
 .data          0x000000000c0226e4        0x0 c:/altera/15.0/nios2eds/bin/gnu/h-x86_64-mingw32/bin/../lib/gcc/nios2-elf/4.9.1/../../../../../H-x86_64-mingw32/nios2-elf/lib\libc.a(lib_a-assert.o)
 .data          0x000000000c0226e4        0x0 c:/altera/15.0/nios2eds/bin/gnu/h-x86_64-mingw32/bin/../lib/gcc/nios2-elf/4.9.1/../../../../../H-x86_64-mingw32/nios2-elf/lib\libc.a(lib_a-fiprintf.o)
 .data          0x000000000c0226e4      0x424 c:/altera/15.0/nios2eds/bin/gnu/h-x86_64-mingw32/bin/../lib/gcc/nios2-elf/4.9.1/../../../../../H-x86_64-mingw32/nios2-elf/lib\libc.a(lib_a-impure.o)
 .data          0x000000000c022b08        0x0 c:/altera/15.0/nios2eds/bin/gnu/h-x86_64-mingw32/bin/../lib/gcc/nios2-elf/4.9.1/../../../../../H-x86_64-mingw32/nios2-elf/lib\libc.a(lib_a-malloc.o)
 .data          0x000000000c022b08      0x408 c:/altera/15.0/nios2eds/bin/gnu/h-x86_64-mingw32/bin/../lib/gcc/nios2-elf/4.9.1/../../../../../H-x86_64-mingw32/nios2-elf/lib\libc.a(lib_a-mallocr.o)
                0x000000000c022b08                __malloc_av_
 .data          0x000000000c022f10        0x0 c:/altera/15.0/nios2eds/bin/gnu/h-x86_64-mingw32/bin/../lib/gcc/nios2-elf/4.9.1/../../../../../H-x86_64-mingw32/nios2-elf/lib\libc.a(lib_a-memcpy.o)
 .data          0x000000000c022f10        0x0 c:/altera/15.0/nios2eds/bin/gnu/h-x86_64-mingw32/bin/../lib/gcc/nios2-elf/4.9.1/../../../../../H-x86_64-mingw32/nios2-elf/lib\libc.a(lib_a-memset.o)
 .data          0x000000000c022f10        0x0 c:/altera/15.0/nios2eds/bin/gnu/h-x86_64-mingw32/bin/../lib/gcc/nios2-elf/4.9.1/../../../../../H-x86_64-mingw32/nios2-elf/lib\libc.a(lib_a-printf.o)
 .data          0x000000000c022f10        0x0 c:/altera/15.0/nios2eds/bin/gnu/h-x86_64-mingw32/bin/../lib/gcc/nios2-elf/4.9.1/../../../../../H-x86_64-mingw32/nios2-elf/lib\libc.a(lib_a-putchar.o)
 .data          0x000000000c022f10        0x0 c:/altera/15.0/nios2eds/bin/gnu/h-x86_64-mingw32/bin/../lib/gcc/nios2-elf/4.9.1/../../../../../H-x86_64-mingw32/nios2-elf/lib\libc.a(lib_a-puts.o)
 .data          0x000000000c022f10        0x0 c:/altera/15.0/nios2eds/bin/gnu/h-x86_64-mingw32/bin/../lib/gcc/nios2-elf/4.9.1/../../../../../H-x86_64-mingw32/nios2-elf/lib\libc.a(lib_a-sbrkr.o)
 .data          0x000000000c022f10        0x0 c:/altera/15.0/nios2eds/bin/gnu/h-x86_64-mingw32/bin/../lib/gcc/nios2-elf/4.9.1/../../../../../H-x86_64-mingw32/nios2-elf/lib\libc.a(lib_a-strlen.o)
 .data          0x000000000c022f10        0x0 c:/altera/15.0/nios2eds/bin/gnu/h-x86_64-mingw32/bin/../lib/gcc/nios2-elf/4.9.1/../../../../../H-x86_64-mingw32/nios2-elf/lib\libc.a(lib_a-vfiprintfr_1.o)
 .data          0x000000000c022f10        0x0 c:/altera/15.0/nios2eds/bin/gnu/h-x86_64-mingw32/bin/../lib/gcc/nios2-elf/4.9.1/../../../../../H-x86_64-mingw32/nios2-elf/lib\libc.a(lib_a-vfprintf.o)
 .data          0x000000000c022f10        0x0 c:/altera/15.0/nios2eds/bin/gnu/h-x86_64-mingw32/bin/../lib/gcc/nios2-elf/4.9.1/../../../../../H-x86_64-mingw32/nios2-elf/lib\libc.a(lib_a-wsetup.o)
 .data          0x000000000c022f10        0x0 c:/altera/15.0/nios2eds/bin/gnu/h-x86_64-mingw32/bin/../lib/gcc/nios2-elf/4.9.1/../../../../../H-x86_64-mingw32/nios2-elf/lib\libc.a(lib_a-abort.o)
 .data          0x000000000c022f10        0x0 c:/altera/15.0/nios2eds/bin/gnu/h-x86_64-mingw32/bin/../lib/gcc/nios2-elf/4.9.1/../../../../../H-x86_64-mingw32/nios2-elf/lib\libc.a(lib_a-dtoa.o)
 .data          0x000000000c022f10        0x0 c:/altera/15.0/nios2eds/bin/gnu/h-x86_64-mingw32/bin/../lib/gcc/nios2-elf/4.9.1/../../../../../H-x86_64-mingw32/nios2-elf/lib\libc.a(lib_a-fflush.o)
 .data          0x000000000c022f10        0x0 c:/altera/15.0/nios2eds/bin/gnu/h-x86_64-mingw32/bin/../lib/gcc/nios2-elf/4.9.1/../../../../../H-x86_64-mingw32/nios2-elf/lib\libc.a(lib_a-findfp.o)
 .data          0x000000000c022f10        0x0 c:/altera/15.0/nios2eds/bin/gnu/h-x86_64-mingw32/bin/../lib/gcc/nios2-elf/4.9.1/../../../../../H-x86_64-mingw32/nios2-elf/lib\libc.a(lib_a-freer.o)
 .data          0x000000000c022f10        0x0 c:/altera/15.0/nios2eds/bin/gnu/h-x86_64-mingw32/bin/../lib/gcc/nios2-elf/4.9.1/../../../../../H-x86_64-mingw32/nios2-elf/lib\libc.a(lib_a-fvwrite.o)
 .data          0x000000000c022f10        0x0 c:/altera/15.0/nios2eds/bin/gnu/h-x86_64-mingw32/bin/../lib/gcc/nios2-elf/4.9.1/../../../../../H-x86_64-mingw32/nios2-elf/lib\libc.a(lib_a-fwalk.o)
 .data          0x000000000c022f10        0x0 c:/altera/15.0/nios2eds/bin/gnu/h-x86_64-mingw32/bin/../lib/gcc/nios2-elf/4.9.1/../../../../../H-x86_64-mingw32/nios2-elf/lib\libc.a(lib_a-int_errno.o)
 .data          0x000000000c022f10       0x78 c:/altera/15.0/nios2eds/bin/gnu/h-x86_64-mingw32/bin/../lib/gcc/nios2-elf/4.9.1/../../../../../H-x86_64-mingw32/nios2-elf/lib\libc.a(lib_a-locale.o)
 .data          0x000000000c022f88        0x0 c:/altera/15.0/nios2eds/bin/gnu/h-x86_64-mingw32/bin/../lib/gcc/nios2-elf/4.9.1/../../../../../H-x86_64-mingw32/nios2-elf/lib\libc.a(lib_a-makebuf.o)
 .data          0x000000000c022f88        0x0 c:/altera/15.0/nios2eds/bin/gnu/h-x86_64-mingw32/bin/../lib/gcc/nios2-elf/4.9.1/../../../../../H-x86_64-mingw32/nios2-elf/lib\libc.a(lib_a-memchr.o)
 .data          0x000000000c022f88        0x0 c:/altera/15.0/nios2eds/bin/gnu/h-x86_64-mingw32/bin/../lib/gcc/nios2-elf/4.9.1/../../../../../H-x86_64-mingw32/nios2-elf/lib\libc.a(lib_a-memmove.o)
 .data          0x000000000c022f88        0x0 c:/altera/15.0/nios2eds/bin/gnu/h-x86_64-mingw32/bin/../lib/gcc/nios2-elf/4.9.1/../../../../../H-x86_64-mingw32/nios2-elf/lib\libc.a(lib_a-mprec.o)
 .data          0x000000000c022f88        0x0 c:/altera/15.0/nios2eds/bin/gnu/h-x86_64-mingw32/bin/../lib/gcc/nios2-elf/4.9.1/../../../../../H-x86_64-mingw32/nios2-elf/lib\libc.a(lib_a-putc.o)
 .data          0x000000000c022f88        0x0 c:/altera/15.0/nios2eds/bin/gnu/h-x86_64-mingw32/bin/../lib/gcc/nios2-elf/4.9.1/../../../../../H-x86_64-mingw32/nios2-elf/lib\libc.a(lib_a-reallocr.o)
 .data          0x000000000c022f88        0x0 c:/altera/15.0/nios2eds/bin/gnu/h-x86_64-mingw32/bin/../lib/gcc/nios2-elf/4.9.1/../../../../../H-x86_64-mingw32/nios2-elf/lib\libc.a(lib_a-s_fpclassify.o)
 .data          0x000000000c022f88        0x0 c:/altera/15.0/nios2eds/bin/gnu/h-x86_64-mingw32/bin/../lib/gcc/nios2-elf/4.9.1/../../../../../H-x86_64-mingw32/nios2-elf/lib\libc.a(lib_a-signal.o)
 .data          0x000000000c022f88        0x0 c:/altera/15.0/nios2eds/bin/gnu/h-x86_64-mingw32/bin/../lib/gcc/nios2-elf/4.9.1/../../../../../H-x86_64-mingw32/nios2-elf/lib\libc.a(lib_a-signalr.o)
 .data          0x000000000c022f88        0x0 c:/altera/15.0/nios2eds/bin/gnu/h-x86_64-mingw32/bin/../lib/gcc/nios2-elf/4.9.1/../../../../../H-x86_64-mingw32/nios2-elf/lib\libc.a(lib_a-stdio.o)
 .data          0x000000000c022f88        0x0 c:/altera/15.0/nios2eds/bin/gnu/h-x86_64-mingw32/bin/../lib/gcc/nios2-elf/4.9.1/../../../../../H-x86_64-mingw32/nios2-elf/lib\libc.a(lib_a-strcmp.o)
 .data          0x000000000c022f88        0x0 c:/altera/15.0/nios2eds/bin/gnu/h-x86_64-mingw32/bin/../lib/gcc/nios2-elf/4.9.1/../../../../../H-x86_64-mingw32/nios2-elf/lib\libc.a(lib_a-vfiprintf.o)
 .data          0x000000000c022f88        0x0 c:/altera/15.0/nios2eds/bin/gnu/h-x86_64-mingw32/bin/../lib/gcc/nios2-elf/4.9.1/../../../../../H-x86_64-mingw32/nios2-elf/lib\libc.a(lib_a-wbuf.o)
 .data          0x000000000c022f88        0x0 c:/altera/15.0/nios2eds/bin/gnu/h-x86_64-mingw32/bin/../lib/gcc/nios2-elf/4.9.1/../../../../../H-x86_64-mingw32/nios2-elf/lib\libc.a(lib_a-writer.o)
 .data          0x000000000c022f88        0x0 c:/altera/15.0/nios2eds/bin/gnu/h-x86_64-mingw32/bin/../lib/gcc/nios2-elf/4.9.1/../../../../../H-x86_64-mingw32/nios2-elf/lib\libc.a(closer.o)
 .data          0x000000000c022f88        0x0 c:/altera/15.0/nios2eds/bin/gnu/h-x86_64-mingw32/bin/../lib/gcc/nios2-elf/4.9.1/../../../../../H-x86_64-mingw32/nios2-elf/lib\libc.a(lib_a-callocr.o)
 .data          0x000000000c022f88        0x0 c:/altera/15.0/nios2eds/bin/gnu/h-x86_64-mingw32/bin/../lib/gcc/nios2-elf/4.9.1/../../../../../H-x86_64-mingw32/nios2-elf/lib\libc.a(lib_a-fclose.o)
 .data          0x000000000c022f88        0x0 c:/altera/15.0/nios2eds/bin/gnu/h-x86_64-mingw32/bin/../lib/gcc/nios2-elf/4.9.1/../../../../../H-x86_64-mingw32/nios2-elf/lib\libc.a(lib_a-fputwc.o)
 .data          0x000000000c022f88        0x0 c:/altera/15.0/nios2eds/bin/gnu/h-x86_64-mingw32/bin/../lib/gcc/nios2-elf/4.9.1/../../../../../H-x86_64-mingw32/nios2-elf/lib\libc.a(lib_a-fstatr.o)
 .data          0x000000000c022f88        0x0 c:/altera/15.0/nios2eds/bin/gnu/h-x86_64-mingw32/bin/../lib/gcc/nios2-elf/4.9.1/../../../../../H-x86_64-mingw32/nios2-elf/lib\libc.a(lib_a-isattyr.o)
 .data          0x000000000c022f88        0x0 c:/altera/15.0/nios2eds/bin/gnu/h-x86_64-mingw32/bin/../lib/gcc/nios2-elf/4.9.1/../../../../../H-x86_64-mingw32/nios2-elf/lib\libc.a(lib_a-lseekr.o)
 .data          0x000000000c022f88        0x0 c:/altera/15.0/nios2eds/bin/gnu/h-x86_64-mingw32/bin/../lib/gcc/nios2-elf/4.9.1/../../../../../H-x86_64-mingw32/nios2-elf/lib\libc.a(lib_a-readr.o)
 .data          0x000000000c022f88        0x0 c:/altera/15.0/nios2eds/bin/gnu/h-x86_64-mingw32/bin/../lib/gcc/nios2-elf/4.9.1/../../../../../H-x86_64-mingw32/nios2-elf/lib\libc.a(lib_a-wcrtomb.o)
 .data          0x000000000c022f88        0x0 c:/altera/15.0/nios2eds/bin/gnu/h-x86_64-mingw32/bin/../lib/gcc/nios2-elf/4.9.1/../../../../../H-x86_64-mingw32/nios2-elf/lib\libc.a(lib_a-wctomb_r.o)
 .data          0x000000000c022f88        0x0 c:/altera/15.0/nios2eds/bin/gnu/h-x86_64-mingw32/bin/../lib/gcc/nios2-elf/4.9.1\libgcc.a(_udivdi3.o)
 .data          0x000000000c022f88        0x0 c:/altera/15.0/nios2eds/bin/gnu/h-x86_64-mingw32/bin/../lib/gcc/nios2-elf/4.9.1\libgcc.a(_umoddi3.o)
 .data          0x000000000c022f88        0x0 c:/altera/15.0/nios2eds/bin/gnu/h-x86_64-mingw32/bin/../lib/gcc/nios2-elf/4.9.1\libgcc.a(adddf3.o)
 .data          0x000000000c022f88        0x0 c:/altera/15.0/nios2eds/bin/gnu/h-x86_64-mingw32/bin/../lib/gcc/nios2-elf/4.9.1\libgcc.a(eqdf2.o)
 .data          0x000000000c022f88        0x0 c:/altera/15.0/nios2eds/bin/gnu/h-x86_64-mingw32/bin/../lib/gcc/nios2-elf/4.9.1\libgcc.a(gedf2.o)
 .data          0x000000000c022f88        0x0 c:/altera/15.0/nios2eds/bin/gnu/h-x86_64-mingw32/bin/../lib/gcc/nios2-elf/4.9.1\libgcc.a(ledf2.o)
 .data          0x000000000c022f88        0x0 c:/altera/15.0/nios2eds/bin/gnu/h-x86_64-mingw32/bin/../lib/gcc/nios2-elf/4.9.1\libgcc.a(muldf3.o)
 .data          0x000000000c022f88        0x0 c:/altera/15.0/nios2eds/bin/gnu/h-x86_64-mingw32/bin/../lib/gcc/nios2-elf/4.9.1\libgcc.a(subdf3.o)
 .data          0x000000000c022f88        0x0 c:/altera/15.0/nios2eds/bin/gnu/h-x86_64-mingw32/bin/../lib/gcc/nios2-elf/4.9.1\libgcc.a(floatunsidf.o)
 .data          0x000000000c022f88        0x0 ../main_bsp/\libhal_bsp.a(alt_close.o)
 .data          0x000000000c022f88      0x1a8 ../main_bsp/\libhal_bsp.a(alt_dev.o)
                0x000000000c022f88                alt_dev_null
                0x000000000c022fb0                alt_fd_list
 .data          0x000000000c023130        0x0 ../main_bsp/\libhal_bsp.a(alt_errno.o)
 .data          0x000000000c023130        0x0 ../main_bsp/\libhal_bsp.a(alt_exit.o)
 .data          0x000000000c023130        0x0 ../main_bsp/\libhal_bsp.a(alt_fstat.o)
 .data          0x000000000c023130        0x0 ../main_bsp/\libhal_bsp.a(alt_getpid.o)
 .data          0x000000000c023130        0x0 ../main_bsp/\libhal_bsp.a(alt_irq_register.o)
 .data          0x000000000c023130        0x0 ../main_bsp/\libhal_bsp.a(alt_irq_vars.o)
 .data          0x000000000c023130        0x0 ../main_bsp/\libhal_bsp.a(alt_isatty.o)
 .data          0x000000000c023130        0x0 ../main_bsp/\libhal_bsp.a(alt_kill.o)
 .data          0x000000000c023130        0x0 ../main_bsp/\libhal_bsp.a(alt_load.o)
 .data          0x000000000c023130        0x0 ../main_bsp/\libhal_bsp.a(alt_lseek.o)
 .data          0x000000000c023130        0x0 ../main_bsp/\libhal_bsp.a(alt_main.o)
 .data          0x000000000c023130        0x0 ../main_bsp/\libhal_bsp.a(alt_malloc_lock.o)
 .data          0x000000000c023130        0x0 ../main_bsp/\libhal_bsp.a(alt_read.o)
 .data          0x000000000c023130        0x0 ../main_bsp/\libhal_bsp.a(alt_release_fd.o)
 .data          0x000000000c023130        0x0 ../main_bsp/\libhal_bsp.a(alt_sbrk.o)
 .data          0x000000000c023130        0x0 ../main_bsp/\libhal_bsp.a(alt_usleep.o)
 .data          0x000000000c023130        0x0 ../main_bsp/\libhal_bsp.a(alt_write.o)
 .data          0x000000000c023130     0x108c ../main_bsp/\libhal_bsp.a(alt_sys_init.o)
 .data          0x000000000c0241bc        0x0 ../main_bsp/\libhal_bsp.a(altera_avalon_jtag_uart_fd.o)
 .data          0x000000000c0241bc        0x0 ../main_bsp/\libhal_bsp.a(altera_avalon_jtag_uart_init.o)
 .data          0x000000000c0241bc        0x0 ../main_bsp/\libhal_bsp.a(altera_avalon_jtag_uart_ioctl.o)
 .data          0x000000000c0241bc        0x0 ../main_bsp/\libhal_bsp.a(altera_avalon_jtag_uart_read.o)
 .data          0x000000000c0241bc        0x0 ../main_bsp/\libhal_bsp.a(altera_avalon_jtag_uart_write.o)
 .data          0x000000000c0241bc        0x0 ../main_bsp/\libhal_bsp.a(altera_avalon_timer_sc.o)
 .data          0x000000000c0241bc        0x0 ../main_bsp/\libhal_bsp.a(altera_up_avalon_character_lcd.o)
 .data          0x000000000c0241bc        0x0 ../main_bsp/\libhal_bsp.a(alt_alarm_start.o)
 .data          0x000000000c0241bc        0x0 ../main_bsp/\libhal_bsp.a(alt_busy_sleep.o)
 .data          0x000000000c0241bc        0x0 ../main_bsp/\libhal_bsp.a(alt_dcache_flush_all.o)
 .data          0x000000000c0241bc        0x0 ../main_bsp/\libhal_bsp.a(alt_dev_llist_insert.o)
 .data          0x000000000c0241bc        0x0 ../main_bsp/\libhal_bsp.a(alt_do_ctors.o)
 .data          0x000000000c0241bc        0x0 ../main_bsp/\libhal_bsp.a(alt_do_dtors.o)
 .data          0x000000000c0241bc        0x0 ../main_bsp/\libhal_bsp.a(alt_find_dev.o)
 .data          0x000000000c0241bc        0x0 ../main_bsp/\libhal_bsp.a(alt_icache_flush_all.o)
 .data          0x000000000c0241bc        0x0 ../main_bsp/\libhal_bsp.a(alt_iic.o)
 .data          0x000000000c0241bc        0x0 ../main_bsp/\libhal_bsp.a(alt_iic_isr_register.o)
 .data          0x000000000c0241bc        0x0 ../main_bsp/\libhal_bsp.a(alt_io_redirect.o)
 .data          0x000000000c0241bc        0x0 ../main_bsp/\libhal_bsp.a(alt_irq_entry.o)
 .data          0x000000000c0241bc        0x0 ../main_bsp/\libhal_bsp.a(alt_irq_handler.o)
 .data          0x000000000c0241bc        0x0 ../main_bsp/\libhal_bsp.a(alt_open.o)
 .data          0x000000000c0241bc        0x0 ../main_bsp/\libhal_bsp.a(alt_tick.o)
 .data          0x000000000c0241bc        0x0 ../main_bsp/\libhal_bsp.a(altera_nios2_qsys_irq.o)
 .data          0x000000000c0241bc        0x0 ../main_bsp/\libhal_bsp.a(alt_exception_entry.o)
 .data          0x000000000c0241bc        0x0 ../main_bsp/\libhal_bsp.a(alt_find_file.o)
 .data          0x000000000c0241bc        0x0 ../main_bsp/\libhal_bsp.a(alt_get_fd.o)
 .data          0x000000000c0241bc        0x0 ../main_bsp/\libhal_bsp.a(alt_icache_flush.o)
 .data          0x000000000c0241bc        0x0 c:/altera/15.0/nios2eds/bin/gnu/h-x86_64-mingw32/bin/../lib/gcc/nios2-elf/4.9.1/../../../../../H-x86_64-mingw32/nios2-elf/lib\libc.a(lib_a-atexit.o)
 .data          0x000000000c0241bc        0x0 c:/altera/15.0/nios2eds/bin/gnu/h-x86_64-mingw32/bin/../lib/gcc/nios2-elf/4.9.1/../../../../../H-x86_64-mingw32/nios2-elf/lib\libc.a(lib_a-exit.o)
 .data          0x000000000c0241bc        0x0 c:/altera/15.0/nios2eds/bin/gnu/h-x86_64-mingw32/bin/../lib/gcc/nios2-elf/4.9.1/../../../../../H-x86_64-mingw32/nios2-elf/lib\libc.a(lib_a-memcmp.o)
 .data          0x000000000c0241bc        0x0 c:/altera/15.0/nios2eds/bin/gnu/h-x86_64-mingw32/bin/../lib/gcc/nios2-elf/4.9.1/../../../../../H-x86_64-mingw32/nios2-elf/lib\libc.a(lib_a-__atexit.o)
 .data          0x000000000c0241bc        0x0 c:/altera/15.0/nios2eds/bin/gnu/h-x86_64-mingw32/bin/../lib/gcc/nios2-elf/4.9.1/../../../../../H-x86_64-mingw32/nios2-elf/lib\libc.a(lib_a-__call_atexit.o)
                0x000000000c02c1bc                _gp = ABSOLUTE ((. + 0x8000))
                0x000000000c02c1bc                PROVIDE (gp, _gp)
 *(.rwdata .rwdata.*)
 *(.sdata .sdata.* .gnu.linkonce.s.*)
 .sdata         0x000000000c0241bc        0x2 obj/default/camera.o
                0x000000000c0241bc                COMMAND_HEADER
 *fill*         0x000000000c0241be        0x2 
 .sdata         0x000000000c0241c0        0x4 obj/default/graphics.o
                0x000000000c0241c0                Next
 .sdata         0x000000000c0241c4        0x4 obj/default/gui.o
                0x000000000c0241c4                button_array_size
 .sdata         0x000000000c0241c8        0x8 obj/default/motor.o
 .sdata         0x000000000c0241d0        0x3 obj/default/touch_screen.o
                0x000000000c0241d0                ENABLE_TOUCH_COMMAND
 *fill*         0x000000000c0241d3        0x1 
 .sdata         0x000000000c0241d4        0x8 c:/altera/15.0/nios2eds/bin/gnu/h-x86_64-mingw32/bin/../lib/gcc/nios2-elf/4.9.1/../../../../../H-x86_64-mingw32/nios2-elf/lib\libc.a(lib_a-impure.o)
                0x000000000c0241d4                _global_impure_ptr
                0x000000000c0241d8                _impure_ptr
 .sdata         0x000000000c0241dc        0x8 c:/altera/15.0/nios2eds/bin/gnu/h-x86_64-mingw32/bin/../lib/gcc/nios2-elf/4.9.1/../../../../../H-x86_64-mingw32/nios2-elf/lib\libc.a(lib_a-mallocr.o)
                0x000000000c0241dc                __malloc_sbrk_base
                0x000000000c0241e0                __malloc_trim_threshold
 .sdata         0x000000000c0241e4        0x4 c:/altera/15.0/nios2eds/bin/gnu/h-x86_64-mingw32/bin/../lib/gcc/nios2-elf/4.9.1/../../../../../H-x86_64-mingw32/nios2-elf/lib\libc.a(lib_a-locale.o)
                0x000000000c0241e4                __mb_cur_max
 .sdata         0x000000000c0241e8        0x4 c:/altera/15.0/nios2eds/bin/gnu/h-x86_64-mingw32/bin/../lib/gcc/nios2-elf/4.9.1/../../../../../H-x86_64-mingw32/nios2-elf/lib\libc.a(lib_a-wctomb_r.o)
                0x000000000c0241e8                __wctomb
 .sdata         0x000000000c0241ec       0x14 ../main_bsp/\libhal_bsp.a(alt_dev.o)
                0x000000000c0241ec                alt_fs_list
                0x000000000c0241f4                alt_dev_list
                0x000000000c0241fc                alt_max_fd
 .sdata         0x000000000c024200        0x4 ../main_bsp/\libhal_bsp.a(alt_errno.o)
                0x000000000c024200                alt_errno
 .sdata         0x000000000c024204        0x4 ../main_bsp/\libhal_bsp.a(alt_irq_vars.o)
                0x000000000c024204                alt_priority_mask
 .sdata         0x000000000c024208        0x4 ../main_bsp/\libhal_bsp.a(alt_sbrk.o)
 .sdata         0x000000000c02420c        0x8 ../main_bsp/\libhal_bsp.a(alt_tick.o)
                0x000000000c02420c                alt_alarm_list
 *(.sdata2 .sdata2.* .gnu.linkonce.s2.*)
                0x000000000c024214                . = ALIGN (0x4)
                0x000000000c024214                _edata = ABSOLUTE (.)
                0x000000000c024214                PROVIDE (edata, ABSOLUTE (.))
                0x000000000c024214                PROVIDE (__ram_rwdata_end, ABSOLUTE (.))
                0x000000000c024214                PROVIDE (__flash_rwdata_start, LOADADDR (.rwdata))

.bss            0x000000000c025d44    0x824e4
                0x000000000c025d44                __bss_start = ABSOLUTE (.)
                0x000000000c025d44                PROVIDE (__sbss_start, ABSOLUTE (.))
                0x000000000c025d44                PROVIDE (___sbss_start, ABSOLUTE (.))
 *(.dynsbss)
 *(.sbss .sbss.* .gnu.linkonce.sb.*)
 .sbss          0x000000000c025d44        0x3 obj/default/camera.o
                0x000000000c025d44                frame_ptr
                0x000000000c025d46                buffer_length
 .sbss          0x000000000c025d47        0x1 obj/default/motor.o
                0x000000000c025d47                motor_speed
 .sbss          0x000000000c025d48        0x1 obj/default/serial.o
                0x000000000c025d48                edge_capture
 *fill*         0x000000000c025d49        0x3 
 .sbss          0x000000000c025d4c        0xc c:/altera/15.0/nios2eds/bin/gnu/h-x86_64-mingw32/bin/../lib/gcc/nios2-elf/4.9.1/../../../../../H-x86_64-mingw32/nios2-elf/lib\libc.a(lib_a-mallocr.o)
                0x000000000c025d4c                __malloc_max_total_mem
                0x000000000c025d50                __malloc_max_sbrked_mem
                0x000000000c025d54                __malloc_top_pad
 .sbss          0x000000000c025d58        0x4 c:/altera/15.0/nios2eds/bin/gnu/h-x86_64-mingw32/bin/../lib/gcc/nios2-elf/4.9.1/../../../../../H-x86_64-mingw32/nios2-elf/lib\libc.a(lib_a-int_errno.o)
                0x000000000c025d58                errno
 .sbss          0x000000000c025d5c        0xc c:/altera/15.0/nios2eds/bin/gnu/h-x86_64-mingw32/bin/../lib/gcc/nios2-elf/4.9.1/../../../../../H-x86_64-mingw32/nios2-elf/lib\libc.a(lib_a-locale.o)
                0x000000000c025d5c                _PathLocale
                0x000000000c025d60                __mlocale_changed
                0x000000000c025d64                __nlocale_changed
 .sbss          0x000000000c025d68        0x4 ../main_bsp/\libhal_bsp.a(alt_irq_vars.o)
                0x000000000c025d68                alt_irq_active
 .sbss          0x000000000c025d6c        0xc ../main_bsp/\libhal_bsp.a(alt_main.o)
                0x000000000c025d6c                alt_argc
                0x000000000c025d70                alt_argv
                0x000000000c025d74                alt_envp
 .sbss          0x000000000c025d78        0x8 ../main_bsp/\libhal_bsp.a(alt_tick.o)
                0x000000000c025d78                _alt_tick_rate
                0x000000000c025d7c                _alt_nticks
 *(.sbss2 .sbss2.* .gnu.linkonce.sb2.*)
 *(.scommon)
                0x000000000c025d80                PROVIDE (__sbss_end, ABSOLUTE (.))
                0x000000000c025d80                PROVIDE (___sbss_end, ABSOLUTE (.))
 *(.dynbss)
 *(.bss .bss.* .gnu.linkonce.b.*)
 .bss           0x000000000c025d80        0x0 ../main_bsp//obj/HAL/src/crt0.o
 .bss           0x000000000c025d80        0x0 obj/default/camera.o
 .bss           0x000000000c025d80        0x0 obj/default/camera_test.o
 .bss           0x000000000c025d80        0x0 obj/default/debug.o
 .bss           0x000000000c025d80        0x0 obj/default/graphics.o
 .bss           0x000000000c025d80        0x0 obj/default/gui.o
 .bss           0x000000000c025d80    0x802d8 obj/default/main.o
 .bss           0x000000000c0a6058        0x0 obj/default/motor.o
 .bss           0x000000000c0a6058        0x0 obj/default/serial.o
 .bss           0x000000000c0a6058        0x0 obj/default/touch_screen.o
 .bss           0x000000000c0a6058        0x0 c:/altera/15.0/nios2eds/bin/gnu/h-x86_64-mingw32/bin/../lib/gcc/nios2-elf/4.9.1\libgcc.a(divdf3.o)
 .bss           0x000000000c0a6058        0x0 c:/altera/15.0/nios2eds/bin/gnu/h-x86_64-mingw32/bin/../lib/gcc/nios2-elf/4.9.1\libgcc.a(fixdfsi.o)
 .bss           0x000000000c0a6058        0x0 c:/altera/15.0/nios2eds/bin/gnu/h-x86_64-mingw32/bin/../lib/gcc/nios2-elf/4.9.1\libgcc.a(floatsidf.o)
 .bss           0x000000000c0a6058        0x0 c:/altera/15.0/nios2eds/bin/gnu/h-x86_64-mingw32/bin/../lib/gcc/nios2-elf/4.9.1\libgcc.a(_clzsi2.o)
 .bss           0x000000000c0a6058        0x0 c:/altera/15.0/nios2eds/bin/gnu/h-x86_64-mingw32/bin/../lib/gcc/nios2-elf/4.9.1\libgcc.a(lib2-divmod.o)
 .bss           0x000000000c0a6058        0x0 c:/altera/15.0/nios2eds/bin/gnu/h-x86_64-mingw32/bin/../lib/gcc/nios2-elf/4.9.1\libgcc.a(_clz.o)
 .bss           0x000000000c0a6058        0x0 c:/altera/15.0/nios2eds/bin/gnu/h-x86_64-mingw32/bin/../lib/gcc/nios2-elf/4.9.1/../../../../../H-x86_64-mingw32/nios2-elf/lib\libc.a(lib_a-assert.o)
 .bss           0x000000000c0a6058        0x0 c:/altera/15.0/nios2eds/bin/gnu/h-x86_64-mingw32/bin/../lib/gcc/nios2-elf/4.9.1/../../../../../H-x86_64-mingw32/nios2-elf/lib\libc.a(lib_a-fiprintf.o)
 .bss           0x000000000c0a6058        0x0 c:/altera/15.0/nios2eds/bin/gnu/h-x86_64-mingw32/bin/../lib/gcc/nios2-elf/4.9.1/../../../../../H-x86_64-mingw32/nios2-elf/lib\libc.a(lib_a-impure.o)
 .bss           0x000000000c0a6058        0x0 c:/altera/15.0/nios2eds/bin/gnu/h-x86_64-mingw32/bin/../lib/gcc/nios2-elf/4.9.1/../../../../../H-x86_64-mingw32/nios2-elf/lib\libc.a(lib_a-malloc.o)
 .bss           0x000000000c0a6058       0x28 c:/altera/15.0/nios2eds/bin/gnu/h-x86_64-mingw32/bin/../lib/gcc/nios2-elf/4.9.1/../../../../../H-x86_64-mingw32/nios2-elf/lib\libc.a(lib_a-mallocr.o)
                0x000000000c0a6058                __malloc_current_mallinfo
 .bss           0x000000000c0a6080        0x0 c:/altera/15.0/nios2eds/bin/gnu/h-x86_64-mingw32/bin/../lib/gcc/nios2-elf/4.9.1/../../../../../H-x86_64-mingw32/nios2-elf/lib\libc.a(lib_a-memcpy.o)
 .bss           0x000000000c0a6080        0x0 c:/altera/15.0/nios2eds/bin/gnu/h-x86_64-mingw32/bin/../lib/gcc/nios2-elf/4.9.1/../../../../../H-x86_64-mingw32/nios2-elf/lib\libc.a(lib_a-memset.o)
 .bss           0x000000000c0a6080        0x0 c:/altera/15.0/nios2eds/bin/gnu/h-x86_64-mingw32/bin/../lib/gcc/nios2-elf/4.9.1/../../../../../H-x86_64-mingw32/nios2-elf/lib\libc.a(lib_a-printf.o)
 .bss           0x000000000c0a6080        0x0 c:/altera/15.0/nios2eds/bin/gnu/h-x86_64-mingw32/bin/../lib/gcc/nios2-elf/4.9.1/../../../../../H-x86_64-mingw32/nios2-elf/lib\libc.a(lib_a-putchar.o)
 .bss           0x000000000c0a6080        0x0 c:/altera/15.0/nios2eds/bin/gnu/h-x86_64-mingw32/bin/../lib/gcc/nios2-elf/4.9.1/../../../../../H-x86_64-mingw32/nios2-elf/lib\libc.a(lib_a-puts.o)
 .bss           0x000000000c0a6080        0x0 c:/altera/15.0/nios2eds/bin/gnu/h-x86_64-mingw32/bin/../lib/gcc/nios2-elf/4.9.1/../../../../../H-x86_64-mingw32/nios2-elf/lib\libc.a(lib_a-sbrkr.o)
 .bss           0x000000000c0a6080        0x0 c:/altera/15.0/nios2eds/bin/gnu/h-x86_64-mingw32/bin/../lib/gcc/nios2-elf/4.9.1/../../../../../H-x86_64-mingw32/nios2-elf/lib\libc.a(lib_a-strlen.o)
 .bss           0x000000000c0a6080        0x0 c:/altera/15.0/nios2eds/bin/gnu/h-x86_64-mingw32/bin/../lib/gcc/nios2-elf/4.9.1/../../../../../H-x86_64-mingw32/nios2-elf/lib\libc.a(lib_a-vfiprintfr_1.o)
 .bss           0x000000000c0a6080        0x0 c:/altera/15.0/nios2eds/bin/gnu/h-x86_64-mingw32/bin/../lib/gcc/nios2-elf/4.9.1/../../../../../H-x86_64-mingw32/nios2-elf/lib\libc.a(lib_a-vfprintf.o)
 .bss           0x000000000c0a6080        0x0 c:/altera/15.0/nios2eds/bin/gnu/h-x86_64-mingw32/bin/../lib/gcc/nios2-elf/4.9.1/../../../../../H-x86_64-mingw32/nios2-elf/lib\libc.a(lib_a-wsetup.o)
 .bss           0x000000000c0a6080        0x0 c:/altera/15.0/nios2eds/bin/gnu/h-x86_64-mingw32/bin/../lib/gcc/nios2-elf/4.9.1/../../../../../H-x86_64-mingw32/nios2-elf/lib\libc.a(lib_a-abort.o)
 .bss           0x000000000c0a6080        0x0 c:/altera/15.0/nios2eds/bin/gnu/h-x86_64-mingw32/bin/../lib/gcc/nios2-elf/4.9.1/../../../../../H-x86_64-mingw32/nios2-elf/lib\libc.a(lib_a-dtoa.o)
 .bss           0x000000000c0a6080        0x0 c:/altera/15.0/nios2eds/bin/gnu/h-x86_64-mingw32/bin/../lib/gcc/nios2-elf/4.9.1/../../../../../H-x86_64-mingw32/nios2-elf/lib\libc.a(lib_a-fflush.o)
 .bss           0x000000000c0a6080        0x0 c:/altera/15.0/nios2eds/bin/gnu/h-x86_64-mingw32/bin/../lib/gcc/nios2-elf/4.9.1/../../../../../H-x86_64-mingw32/nios2-elf/lib\libc.a(lib_a-findfp.o)
 .bss           0x000000000c0a6080        0x0 c:/altera/15.0/nios2eds/bin/gnu/h-x86_64-mingw32/bin/../lib/gcc/nios2-elf/4.9.1/../../../../../H-x86_64-mingw32/nios2-elf/lib\libc.a(lib_a-freer.o)
 .bss           0x000000000c0a6080        0x0 c:/altera/15.0/nios2eds/bin/gnu/h-x86_64-mingw32/bin/../lib/gcc/nios2-elf/4.9.1/../../../../../H-x86_64-mingw32/nios2-elf/lib\libc.a(lib_a-fvwrite.o)
 .bss           0x000000000c0a6080        0x0 c:/altera/15.0/nios2eds/bin/gnu/h-x86_64-mingw32/bin/../lib/gcc/nios2-elf/4.9.1/../../../../../H-x86_64-mingw32/nios2-elf/lib\libc.a(lib_a-fwalk.o)
 .bss           0x000000000c0a6080        0x0 c:/altera/15.0/nios2eds/bin/gnu/h-x86_64-mingw32/bin/../lib/gcc/nios2-elf/4.9.1/../../../../../H-x86_64-mingw32/nios2-elf/lib\libc.a(lib_a-int_errno.o)
 .bss           0x000000000c0a6080        0x0 c:/altera/15.0/nios2eds/bin/gnu/h-x86_64-mingw32/bin/../lib/gcc/nios2-elf/4.9.1/../../../../../H-x86_64-mingw32/nios2-elf/lib\libc.a(lib_a-locale.o)
 .bss           0x000000000c0a6080        0x0 c:/altera/15.0/nios2eds/bin/gnu/h-x86_64-mingw32/bin/../lib/gcc/nios2-elf/4.9.1/../../../../../H-x86_64-mingw32/nios2-elf/lib\libc.a(lib_a-makebuf.o)
 .bss           0x000000000c0a6080        0x0 c:/altera/15.0/nios2eds/bin/gnu/h-x86_64-mingw32/bin/../lib/gcc/nios2-elf/4.9.1/../../../../../H-x86_64-mingw32/nios2-elf/lib\libc.a(lib_a-memchr.o)
 .bss           0x000000000c0a6080        0x0 c:/altera/15.0/nios2eds/bin/gnu/h-x86_64-mingw32/bin/../lib/gcc/nios2-elf/4.9.1/../../../../../H-x86_64-mingw32/nios2-elf/lib\libc.a(lib_a-memmove.o)
 .bss           0x000000000c0a6080        0x0 c:/altera/15.0/nios2eds/bin/gnu/h-x86_64-mingw32/bin/../lib/gcc/nios2-elf/4.9.1/../../../../../H-x86_64-mingw32/nios2-elf/lib\libc.a(lib_a-mprec.o)
 .bss           0x000000000c0a6080        0x0 c:/altera/15.0/nios2eds/bin/gnu/h-x86_64-mingw32/bin/../lib/gcc/nios2-elf/4.9.1/../../../../../H-x86_64-mingw32/nios2-elf/lib\libc.a(lib_a-putc.o)
 .bss           0x000000000c0a6080        0x0 c:/altera/15.0/nios2eds/bin/gnu/h-x86_64-mingw32/bin/../lib/gcc/nios2-elf/4.9.1/../../../../../H-x86_64-mingw32/nios2-elf/lib\libc.a(lib_a-reallocr.o)
 .bss           0x000000000c0a6080        0x0 c:/altera/15.0/nios2eds/bin/gnu/h-x86_64-mingw32/bin/../lib/gcc/nios2-elf/4.9.1/../../../../../H-x86_64-mingw32/nios2-elf/lib\libc.a(lib_a-s_fpclassify.o)
 .bss           0x000000000c0a6080        0x0 c:/altera/15.0/nios2eds/bin/gnu/h-x86_64-mingw32/bin/../lib/gcc/nios2-elf/4.9.1/../../../../../H-x86_64-mingw32/nios2-elf/lib\libc.a(lib_a-signal.o)
 .bss           0x000000000c0a6080        0x0 c:/altera/15.0/nios2eds/bin/gnu/h-x86_64-mingw32/bin/../lib/gcc/nios2-elf/4.9.1/../../../../../H-x86_64-mingw32/nios2-elf/lib\libc.a(lib_a-signalr.o)
 .bss           0x000000000c0a6080        0x0 c:/altera/15.0/nios2eds/bin/gnu/h-x86_64-mingw32/bin/../lib/gcc/nios2-elf/4.9.1/../../../../../H-x86_64-mingw32/nios2-elf/lib\libc.a(lib_a-stdio.o)
 .bss           0x000000000c0a6080        0x0 c:/altera/15.0/nios2eds/bin/gnu/h-x86_64-mingw32/bin/../lib/gcc/nios2-elf/4.9.1/../../../../../H-x86_64-mingw32/nios2-elf/lib\libc.a(lib_a-strcmp.o)
 .bss           0x000000000c0a6080        0x0 c:/altera/15.0/nios2eds/bin/gnu/h-x86_64-mingw32/bin/../lib/gcc/nios2-elf/4.9.1/../../../../../H-x86_64-mingw32/nios2-elf/lib\libc.a(lib_a-vfiprintf.o)
 .bss           0x000000000c0a6080        0x0 c:/altera/15.0/nios2eds/bin/gnu/h-x86_64-mingw32/bin/../lib/gcc/nios2-elf/4.9.1/../../../../../H-x86_64-mingw32/nios2-elf/lib\libc.a(lib_a-wbuf.o)
 .bss           0x000000000c0a6080        0x0 c:/altera/15.0/nios2eds/bin/gnu/h-x86_64-mingw32/bin/../lib/gcc/nios2-elf/4.9.1/../../../../../H-x86_64-mingw32/nios2-elf/lib\libc.a(lib_a-writer.o)
 .bss           0x000000000c0a6080        0x0 c:/altera/15.0/nios2eds/bin/gnu/h-x86_64-mingw32/bin/../lib/gcc/nios2-elf/4.9.1/../../../../../H-x86_64-mingw32/nios2-elf/lib\libc.a(closer.o)
 .bss           0x000000000c0a6080        0x0 c:/altera/15.0/nios2eds/bin/gnu/h-x86_64-mingw32/bin/../lib/gcc/nios2-elf/4.9.1/../../../../../H-x86_64-mingw32/nios2-elf/lib\libc.a(lib_a-callocr.o)
 .bss           0x000000000c0a6080        0x0 c:/altera/15.0/nios2eds/bin/gnu/h-x86_64-mingw32/bin/../lib/gcc/nios2-elf/4.9.1/../../../../../H-x86_64-mingw32/nios2-elf/lib\libc.a(lib_a-fclose.o)
 .bss           0x000000000c0a6080        0x0 c:/altera/15.0/nios2eds/bin/gnu/h-x86_64-mingw32/bin/../lib/gcc/nios2-elf/4.9.1/../../../../../H-x86_64-mingw32/nios2-elf/lib\libc.a(lib_a-fputwc.o)
 .bss           0x000000000c0a6080        0x0 c:/altera/15.0/nios2eds/bin/gnu/h-x86_64-mingw32/bin/../lib/gcc/nios2-elf/4.9.1/../../../../../H-x86_64-mingw32/nios2-elf/lib\libc.a(lib_a-fstatr.o)
 .bss           0x000000000c0a6080        0x0 c:/altera/15.0/nios2eds/bin/gnu/h-x86_64-mingw32/bin/../lib/gcc/nios2-elf/4.9.1/../../../../../H-x86_64-mingw32/nios2-elf/lib\libc.a(lib_a-isattyr.o)
 .bss           0x000000000c0a6080        0x0 c:/altera/15.0/nios2eds/bin/gnu/h-x86_64-mingw32/bin/../lib/gcc/nios2-elf/4.9.1/../../../../../H-x86_64-mingw32/nios2-elf/lib\libc.a(lib_a-lseekr.o)
 .bss           0x000000000c0a6080        0x0 c:/altera/15.0/nios2eds/bin/gnu/h-x86_64-mingw32/bin/../lib/gcc/nios2-elf/4.9.1/../../../../../H-x86_64-mingw32/nios2-elf/lib\libc.a(lib_a-readr.o)
 .bss           0x000000000c0a6080        0x0 c:/altera/15.0/nios2eds/bin/gnu/h-x86_64-mingw32/bin/../lib/gcc/nios2-elf/4.9.1/../../../../../H-x86_64-mingw32/nios2-elf/lib\libc.a(lib_a-wcrtomb.o)
 .bss           0x000000000c0a6080        0x0 c:/altera/15.0/nios2eds/bin/gnu/h-x86_64-mingw32/bin/../lib/gcc/nios2-elf/4.9.1/../../../../../H-x86_64-mingw32/nios2-elf/lib\libc.a(lib_a-wctomb_r.o)
 .bss           0x000000000c0a6080        0x0 c:/altera/15.0/nios2eds/bin/gnu/h-x86_64-mingw32/bin/../lib/gcc/nios2-elf/4.9.1\libgcc.a(_udivdi3.o)
 .bss           0x000000000c0a6080        0x0 c:/altera/15.0/nios2eds/bin/gnu/h-x86_64-mingw32/bin/../lib/gcc/nios2-elf/4.9.1\libgcc.a(_umoddi3.o)
 .bss           0x000000000c0a6080        0x0 c:/altera/15.0/nios2eds/bin/gnu/h-x86_64-mingw32/bin/../lib/gcc/nios2-elf/4.9.1\libgcc.a(adddf3.o)
 .bss           0x000000000c0a6080        0x0 c:/altera/15.0/nios2eds/bin/gnu/h-x86_64-mingw32/bin/../lib/gcc/nios2-elf/4.9.1\libgcc.a(eqdf2.o)
 .bss           0x000000000c0a6080        0x0 c:/altera/15.0/nios2eds/bin/gnu/h-x86_64-mingw32/bin/../lib/gcc/nios2-elf/4.9.1\libgcc.a(gedf2.o)
 .bss           0x000000000c0a6080        0x0 c:/altera/15.0/nios2eds/bin/gnu/h-x86_64-mingw32/bin/../lib/gcc/nios2-elf/4.9.1\libgcc.a(ledf2.o)
 .bss           0x000000000c0a6080        0x0 c:/altera/15.0/nios2eds/bin/gnu/h-x86_64-mingw32/bin/../lib/gcc/nios2-elf/4.9.1\libgcc.a(muldf3.o)
 .bss           0x000000000c0a6080        0x0 c:/altera/15.0/nios2eds/bin/gnu/h-x86_64-mingw32/bin/../lib/gcc/nios2-elf/4.9.1\libgcc.a(subdf3.o)
 .bss           0x000000000c0a6080        0x0 c:/altera/15.0/nios2eds/bin/gnu/h-x86_64-mingw32/bin/../lib/gcc/nios2-elf/4.9.1\libgcc.a(floatunsidf.o)
 .bss           0x000000000c0a6080        0x0 ../main_bsp/\libhal_bsp.a(alt_close.o)
 .bss           0x000000000c0a6080        0x0 ../main_bsp/\libhal_bsp.a(alt_dev.o)
 .bss           0x000000000c0a6080        0x0 ../main_bsp/\libhal_bsp.a(alt_errno.o)
 .bss           0x000000000c0a6080        0x0 ../main_bsp/\libhal_bsp.a(alt_exit.o)
 .bss           0x000000000c0a6080        0x0 ../main_bsp/\libhal_bsp.a(alt_fstat.o)
 .bss           0x000000000c0a6080        0x0 ../main_bsp/\libhal_bsp.a(alt_getpid.o)
 .bss           0x000000000c0a6080        0x0 ../main_bsp/\libhal_bsp.a(alt_irq_register.o)
 .bss           0x000000000c0a6080        0x0 ../main_bsp/\libhal_bsp.a(alt_irq_vars.o)
 .bss           0x000000000c0a6080        0x0 ../main_bsp/\libhal_bsp.a(alt_isatty.o)
 .bss           0x000000000c0a6080        0x0 ../main_bsp/\libhal_bsp.a(alt_kill.o)
 .bss           0x000000000c0a6080        0x0 ../main_bsp/\libhal_bsp.a(alt_load.o)
 .bss           0x000000000c0a6080        0x0 ../main_bsp/\libhal_bsp.a(alt_lseek.o)
 .bss           0x000000000c0a6080        0x0 ../main_bsp/\libhal_bsp.a(alt_main.o)
 .bss           0x000000000c0a6080        0x0 ../main_bsp/\libhal_bsp.a(alt_malloc_lock.o)
 .bss           0x000000000c0a6080        0x0 ../main_bsp/\libhal_bsp.a(alt_read.o)
 .bss           0x000000000c0a6080        0x0 ../main_bsp/\libhal_bsp.a(alt_release_fd.o)
 .bss           0x000000000c0a6080        0x0 ../main_bsp/\libhal_bsp.a(alt_sbrk.o)
 .bss           0x000000000c0a6080        0x0 ../main_bsp/\libhal_bsp.a(alt_usleep.o)
 .bss           0x000000000c0a6080        0x0 ../main_bsp/\libhal_bsp.a(alt_write.o)
 .bss           0x000000000c0a6080        0x0 ../main_bsp/\libhal_bsp.a(alt_sys_init.o)
 .bss           0x000000000c0a6080        0x0 ../main_bsp/\libhal_bsp.a(altera_avalon_jtag_uart_fd.o)
 .bss           0x000000000c0a6080        0x0 ../main_bsp/\libhal_bsp.a(altera_avalon_jtag_uart_init.o)
 .bss           0x000000000c0a6080        0x0 ../main_bsp/\libhal_bsp.a(altera_avalon_jtag_uart_ioctl.o)
 .bss           0x000000000c0a6080        0x0 ../main_bsp/\libhal_bsp.a(altera_avalon_jtag_uart_read.o)
 .bss           0x000000000c0a6080        0x0 ../main_bsp/\libhal_bsp.a(altera_avalon_jtag_uart_write.o)
 .bss           0x000000000c0a6080        0x0 ../main_bsp/\libhal_bsp.a(altera_avalon_timer_sc.o)
 .bss           0x000000000c0a6080        0x0 ../main_bsp/\libhal_bsp.a(altera_up_avalon_character_lcd.o)
 .bss           0x000000000c0a6080        0x0 ../main_bsp/\libhal_bsp.a(alt_alarm_start.o)
 .bss           0x000000000c0a6080        0x0 ../main_bsp/\libhal_bsp.a(alt_busy_sleep.o)
 .bss           0x000000000c0a6080        0x0 ../main_bsp/\libhal_bsp.a(alt_dcache_flush_all.o)
 .bss           0x000000000c0a6080        0x0 ../main_bsp/\libhal_bsp.a(alt_dev_llist_insert.o)
 .bss           0x000000000c0a6080        0x0 ../main_bsp/\libhal_bsp.a(alt_do_ctors.o)
 .bss           0x000000000c0a6080        0x0 ../main_bsp/\libhal_bsp.a(alt_do_dtors.o)
 .bss           0x000000000c0a6080        0x0 ../main_bsp/\libhal_bsp.a(alt_find_dev.o)
 .bss           0x000000000c0a6080        0x0 ../main_bsp/\libhal_bsp.a(alt_icache_flush_all.o)
 .bss           0x000000000c0a6080        0x0 ../main_bsp/\libhal_bsp.a(alt_iic.o)
 .bss           0x000000000c0a6080        0x0 ../main_bsp/\libhal_bsp.a(alt_iic_isr_register.o)
 .bss           0x000000000c0a6080        0x0 ../main_bsp/\libhal_bsp.a(alt_io_redirect.o)
 .bss           0x000000000c0a6080        0x0 ../main_bsp/\libhal_bsp.a(alt_irq_entry.o)
 .bss           0x000000000c0a6080        0x0 ../main_bsp/\libhal_bsp.a(alt_irq_handler.o)
 .bss           0x000000000c0a6080        0x0 ../main_bsp/\libhal_bsp.a(alt_open.o)
 .bss           0x000000000c0a6080        0x0 ../main_bsp/\libhal_bsp.a(alt_tick.o)
 .bss           0x000000000c0a6080        0x0 ../main_bsp/\libhal_bsp.a(altera_nios2_qsys_irq.o)
 .bss           0x000000000c0a6080        0x0 ../main_bsp/\libhal_bsp.a(alt_exception_entry.o)
 .bss           0x000000000c0a6080        0x0 ../main_bsp/\libhal_bsp.a(alt_find_file.o)
 .bss           0x000000000c0a6080        0x0 ../main_bsp/\libhal_bsp.a(alt_get_fd.o)
 .bss           0x000000000c0a6080        0x0 ../main_bsp/\libhal_bsp.a(alt_icache_flush.o)
 .bss           0x000000000c0a6080        0x0 c:/altera/15.0/nios2eds/bin/gnu/h-x86_64-mingw32/bin/../lib/gcc/nios2-elf/4.9.1/../../../../../H-x86_64-mingw32/nios2-elf/lib\libc.a(lib_a-atexit.o)
 .bss           0x000000000c0a6080        0x0 c:/altera/15.0/nios2eds/bin/gnu/h-x86_64-mingw32/bin/../lib/gcc/nios2-elf/4.9.1/../../../../../H-x86_64-mingw32/nios2-elf/lib\libc.a(lib_a-exit.o)
 .bss           0x000000000c0a6080        0x0 c:/altera/15.0/nios2eds/bin/gnu/h-x86_64-mingw32/bin/../lib/gcc/nios2-elf/4.9.1/../../../../../H-x86_64-mingw32/nios2-elf/lib\libc.a(lib_a-memcmp.o)
 .bss           0x000000000c0a6080        0x0 c:/altera/15.0/nios2eds/bin/gnu/h-x86_64-mingw32/bin/../lib/gcc/nios2-elf/4.9.1/../../../../../H-x86_64-mingw32/nios2-elf/lib\libc.a(lib_a-__atexit.o)
 .bss           0x000000000c0a6080        0x0 c:/altera/15.0/nios2eds/bin/gnu/h-x86_64-mingw32/bin/../lib/gcc/nios2-elf/4.9.1/../../../../../H-x86_64-mingw32/nios2-elf/lib\libc.a(lib_a-__call_atexit.o)
 *(COMMON)
 COMMON         0x000000000c0a6080       0x65 obj/default/camera.o
                0x000000000c0a6080                camera_buffer
 *fill*         0x000000000c0a60e5        0x3 
 COMMON         0x000000000c0a60e8     0x1f40 obj/default/graphics.o
                0x000000000c0a60e8                XYStack
 COMMON         0x000000000c0a8028      0x100 obj/default/gui.o
                0x000000000c0a8028                button_array
 COMMON         0x000000000c0a8128      0x100 ../main_bsp/\libhal_bsp.a(alt_irq_handler.o)
                0x000000000c0a8128                alt_irq
                0x000000000c0a8228                . = ALIGN (0x4)
                0x000000000c0a8228                __bss_end = ABSOLUTE (.)

.sdram          0x000000000c0a8228        0x0
                0x000000000c0a8228                PROVIDE (_alt_partition_sdram_start, ABSOLUTE (.))
 *(.sdram .sdram. sdram.*)
                0x000000000c0a8228                . = ALIGN (0x4)
                0x000000000c0a8228                PROVIDE (_alt_partition_sdram_end, ABSOLUTE (.))
                0x000000000c0a8228                _end = ABSOLUTE (.)
                0x000000000c0a8228                end = ABSOLUTE (.)
                0x000000000c0a8228                __alt_stack_base = ABSOLUTE (.)
                0x000000000c0a8228                PROVIDE (_alt_partition_sdram_load_addr, LOADADDR (.sdram))

.stab
 *(.stab)

.stabstr
 *(.stabstr)

.stab.excl
 *(.stab.excl)

.stab.exclstr
 *(.stab.exclstr)

.stab.index
 *(.stab.index)

.stab.indexstr
 *(.stab.indexstr)

.comment        0x0000000000000000       0x23
 *(.comment)
 .comment       0x0000000000000000       0x23 obj/default/camera.o
                                         0x24 (size before relaxing)
 .comment       0x0000000000000000       0x24 obj/default/camera_test.o
 .comment       0x0000000000000000       0x24 obj/default/debug.o
 .comment       0x0000000000000000       0x24 obj/default/graphics.o
 .comment       0x0000000000000000       0x24 obj/default/gui.o
 .comment       0x0000000000000000       0x24 obj/default/main.o
 .comment       0x0000000000000000       0x24 obj/default/motor.o
 .comment       0x0000000000000000       0x24 obj/default/serial.o
 .comment       0x0000000000000000       0x24 obj/default/touch_screen.o
 .comment       0x0000000000000000       0x24 c:/altera/15.0/nios2eds/bin/gnu/h-x86_64-mingw32/bin/../lib/gcc/nios2-elf/4.9.1\libgcc.a(divdf3.o)
 .comment       0x0000000000000000       0x24 c:/altera/15.0/nios2eds/bin/gnu/h-x86_64-mingw32/bin/../lib/gcc/nios2-elf/4.9.1\libgcc.a(fixdfsi.o)
 .comment       0x0000000000000000       0x24 c:/altera/15.0/nios2eds/bin/gnu/h-x86_64-mingw32/bin/../lib/gcc/nios2-elf/4.9.1\libgcc.a(floatsidf.o)
 .comment       0x0000000000000000       0x24 c:/altera/15.0/nios2eds/bin/gnu/h-x86_64-mingw32/bin/../lib/gcc/nios2-elf/4.9.1\libgcc.a(_clzsi2.o)
 .comment       0x0000000000000000       0x24 c:/altera/15.0/nios2eds/bin/gnu/h-x86_64-mingw32/bin/../lib/gcc/nios2-elf/4.9.1\libgcc.a(lib2-divmod.o)
 .comment       0x0000000000000000       0x24 c:/altera/15.0/nios2eds/bin/gnu/h-x86_64-mingw32/bin/../lib/gcc/nios2-elf/4.9.1\libgcc.a(_clz.o)
 .comment       0x0000000000000000       0x24 c:/altera/15.0/nios2eds/bin/gnu/h-x86_64-mingw32/bin/../lib/gcc/nios2-elf/4.9.1/../../../../../H-x86_64-mingw32/nios2-elf/lib\libc.a(lib_a-assert.o)
 .comment       0x0000000000000000       0x24 c:/altera/15.0/nios2eds/bin/gnu/h-x86_64-mingw32/bin/../lib/gcc/nios2-elf/4.9.1/../../../../../H-x86_64-mingw32/nios2-elf/lib\libc.a(lib_a-fiprintf.o)
 .comment       0x0000000000000000       0x24 c:/altera/15.0/nios2eds/bin/gnu/h-x86_64-mingw32/bin/../lib/gcc/nios2-elf/4.9.1/../../../../../H-x86_64-mingw32/nios2-elf/lib\libc.a(lib_a-impure.o)
 .comment       0x0000000000000000       0x24 c:/altera/15.0/nios2eds/bin/gnu/h-x86_64-mingw32/bin/../lib/gcc/nios2-elf/4.9.1/../../../../../H-x86_64-mingw32/nios2-elf/lib\libc.a(lib_a-malloc.o)
 .comment       0x0000000000000000       0x24 c:/altera/15.0/nios2eds/bin/gnu/h-x86_64-mingw32/bin/../lib/gcc/nios2-elf/4.9.1/../../../../../H-x86_64-mingw32/nios2-elf/lib\libc.a(lib_a-mallocr.o)
 .comment       0x0000000000000000       0x24 c:/altera/15.0/nios2eds/bin/gnu/h-x86_64-mingw32/bin/../lib/gcc/nios2-elf/4.9.1/../../../../../H-x86_64-mingw32/nios2-elf/lib\libc.a(lib_a-memcpy.o)
 .comment       0x0000000000000000       0x24 c:/altera/15.0/nios2eds/bin/gnu/h-x86_64-mingw32/bin/../lib/gcc/nios2-elf/4.9.1/../../../../../H-x86_64-mingw32/nios2-elf/lib\libc.a(lib_a-memset.o)
 .comment       0x0000000000000000       0x24 c:/altera/15.0/nios2eds/bin/gnu/h-x86_64-mingw32/bin/../lib/gcc/nios2-elf/4.9.1/../../../../../H-x86_64-mingw32/nios2-elf/lib\libc.a(lib_a-printf.o)
 .comment       0x0000000000000000       0x24 c:/altera/15.0/nios2eds/bin/gnu/h-x86_64-mingw32/bin/../lib/gcc/nios2-elf/4.9.1/../../../../../H-x86_64-mingw32/nios2-elf/lib\libc.a(lib_a-putchar.o)
 .comment       0x0000000000000000       0x24 c:/altera/15.0/nios2eds/bin/gnu/h-x86_64-mingw32/bin/../lib/gcc/nios2-elf/4.9.1/../../../../../H-x86_64-mingw32/nios2-elf/lib\libc.a(lib_a-puts.o)
 .comment       0x0000000000000000       0x24 c:/altera/15.0/nios2eds/bin/gnu/h-x86_64-mingw32/bin/../lib/gcc/nios2-elf/4.9.1/../../../../../H-x86_64-mingw32/nios2-elf/lib\libc.a(lib_a-sbrkr.o)
 .comment       0x0000000000000000       0x24 c:/altera/15.0/nios2eds/bin/gnu/h-x86_64-mingw32/bin/../lib/gcc/nios2-elf/4.9.1/../../../../../H-x86_64-mingw32/nios2-elf/lib\libc.a(lib_a-strlen.o)
 .comment       0x0000000000000000       0x24 c:/altera/15.0/nios2eds/bin/gnu/h-x86_64-mingw32/bin/../lib/gcc/nios2-elf/4.9.1/../../../../../H-x86_64-mingw32/nios2-elf/lib\libc.a(lib_a-vfiprintfr_1.o)